Content-type: text/xml

<?xml version="1.0" encoding="utf-8"?>
<testing-report run-id="180" judge-id="128" status="SE" scoring="ACM" run-tests="1" contest-id="3203" real-time-available="yes" max-memory-used-available="yes" correct-available="yes" failed-test="1" time-limit-ms="2000" real-time-limit-ms="5000" marked-flag="no" >
  <uuid>879c0169-76a9-4043-9015-d6475546f8dd</uuid>
  <host>localhost.localdomain</host>
  <cpu-model>Intel(R) Pentium(R) CPU 3550M @ 2.30GHz</cpu-model>
  <cpu-mhz>2294.738</cpu-mhz>
  <compiler_output></compiler_output>
  <tests>
    <test num="1" status="SE" time="280" real-time="300" max-memory-used="18698240" >
  <program-stats-str>{ utime=257, stime=23, ptime=280, rtime=300, maxvsz=18698240, maxrss=19460096, nvcsw=1, nivcsw=47 }</program-stats-str>
      <input size="8">2
5
0
2
</input>
      <output size="0"></output>
      <stderr size="299">Can't open '/usr/share/abrt/conf.d/plugins/python3.conf': Operation not permitted
Can't open '/etc/abrt/plugins/python3.conf': Operation not permitted
Traceback (most recent call last):
  File &quot;./000180&quot;, line 10, in &lt;module&gt;
    if n % c == d:
ZeroDivisionError: integer division or modulo by zero
</stderr>
    </test>
  </tests>
</testing-report>
