Content-type: text/xml

<?xml version="1.0" encoding="utf-8"?>
<testing-report run-id="126" judge-id="73" status="RT" scoring="ACM" run-tests="1" contest-id="3203" real-time-available="yes" max-memory-used-available="yes" correct-available="yes" failed-test="1" time-limit-ms="2000" real-time-limit-ms="5000" marked-flag="no" >
  <uuid>65c8c7b4-29e6-475c-abe7-7696deb66cae</uuid>
  <host>localhost.localdomain</host>
  <cpu-model>Intel(R) Pentium(R) CPU 3550M @ 2.30GHz</cpu-model>
  <cpu-mhz>2294.738</cpu-mhz>
  <compiler_output></compiler_output>
  <tests>
    <test num="1" status="RT" exit-code="1" time="14" real-time="20" max-memory-used="307200" >
  <program-stats-str>{ utime=12, stime=2, ptime=14, rtime=20, maxvsz=307200, maxrss=5255168, nvcsw=1, nivcsw=5 }</program-stats-str>
      <input size="8">2
5
0
2
</input>
      <output size="0"></output>
      <stderr size="99">  File &quot;./000126&quot;, line 10
    if a % d == c :
     ^
IndentationError: expected an indented block
</stderr>
    </test>
  </tests>
</testing-report>
