Content-type: text/xml

<?xml version="1.0" encoding="utf-8"?>
<testing-report run-id="179" judge-id="23" status="SE" scoring="ACM" run-tests="5" contest-id="3103" real-time-available="yes" max-memory-used-available="yes" correct-available="yes" failed-test="5" time-limit-ms="2000" real-time-limit-ms="5000" marked-flag="no" >
  <uuid>8af12e2d-7002-414b-b8b8-736d337c52f4</uuid>
  <host>localhost.localdomain</host>
  <cpu-model>Intel(R) Pentium(R) CPU 3550M @ 2.30GHz</cpu-model>
  <cpu-mhz>2294.738</cpu-mhz>
  <compiler_output></compiler_output>
  <tests>
    <test num="1" status="OK" time="27" real-time="30" max-memory-used="307200"  checker-comment="OK" >
  <program-stats-str>{ utime=27, stime=0, ptime=27, rtime=30, maxvsz=307200, maxrss=6316032, nvcsw=1, nivcsw=9 }</program-stats-str>
  <checker-stats-str>{ utime=0, stime=0, ptime=0, rtime=2, maxvsz=307200, maxrss=2969600, nvcsw=1, nivcsw=2 }</checker-stats-str>
      <input size="60">5 10
##..#####.
.#.#.#....
###..##.#.
..##.....#
.###.#####
</input>
      <output size="2">5
</output>
      <correct size="2">5
</correct>
      <stderr size="0"></stderr>
      <checker size="3">OK
</checker>
    </test>
    <test num="2" status="OK" time="29" real-time="33" max-memory-used="307200"  checker-comment="OK" >
  <program-stats-str>{ utime=25, stime=4, ptime=29, rtime=33, maxvsz=307200, maxrss=6176768, nvcsw=1, nivcsw=7 }</program-stats-str>
  <checker-stats-str>{ utime=0, stime=0, ptime=0, rtime=2, maxvsz=307200, maxrss=2969600, nvcsw=1, nivcsw=2 }</checker-stats-str>
      <input size="656">25 25
#.#.#.#.#.#.#.#.#.#.#.#.#
.#.#.#.#.#.#.#.#.#.#.#.#.
#.#.#.#.#.#.#.#.#.#.#.#.#
.#.#.#.#.#.#.#.#.#.#.#.#.
#.#.#.#.#.#.#.#.#.#.#.#.#
.#.#.#.#.#.#.#.#.#.#.#.#.
#.#.#.#.#.#.#.#.#.#.#.#.#
.#.#.#.#.#.#.#.#.#.#.#.#.
#.#.#.#.#.#.#.#.#.#.#.#.#
.#.#.#.#.#.#.#.#.#.#.#.#.
#.#.#.#.#.#.#.#.#.#.#.#.#
.#.#.#.#.#.#.#.#.#.#.#.#.
#.#.#.#.#.#.#.#.#.#.#.#.#
.#.#.#.#.#.#.#.#.#.#.#.#.
#.#.#.#.#.#.#.#.#.#.#.#.#
.#.#.#.#.#.#.#.#.#.#.#.#.
#.#.#.#.#.#.#.#.#.#.#.#.#
.#.#.#.#.#.#.#.#.#.#.#.#.
#.#.#.#.#.#.#.#.#.#.#.#.#
.#.#.#.#.#.#.#.#.#.#.#.#.
#.#.#.#.#.#.#.#.#.#.#.#.#
.#.#.#.#.#.#.#.#.#.#.#.#.
#.#.#.#.#.#.#.#.#.#.#.#.#
.#.#.#.#.#.#.#.#.#.#.#.#.
#.#.#.#.#.#.#.#.#.#.#.#.#
</input>
      <output size="4">313
</output>
      <correct size="4">313
</correct>
      <stderr size="0"></stderr>
      <checker size="3">OK
</checker>
    </test>
    <test num="3" status="OK" time="28" real-time="30" max-memory-used="307200"  checker-comment="OK" >
  <program-stats-str>{ utime=20, stime=8, ptime=28, rtime=30, maxvsz=307200, maxrss=6111232, nvcsw=1, nivcsw=6 }</program-stats-str>
  <checker-stats-str>{ utime=0, stime=0, ptime=0, rtime=2, maxvsz=307200, maxrss=2969600, nvcsw=1, nivcsw=1 }</checker-stats-str>
      <input size="6">1 1
.
</input>
      <output size="2">0
</output>
      <correct size="2">0
</correct>
      <stderr size="0"></stderr>
      <checker size="3">OK
</checker>
    </test>
    <test num="4" status="OK" time="66" real-time="70" max-memory-used="307200"  checker-comment="OK" >
  <program-stats-str>{ utime=53, stime=13, ptime=66, rtime=70, maxvsz=307200, maxrss=6291456, nvcsw=1, nivcsw=9 }</program-stats-str>
  <checker-stats-str>{ utime=0, stime=0, ptime=0, rtime=2, maxvsz=307200, maxrss=2969600, nvcsw=1, nivcsw=2 }</checker-stats-str>
      <input size="10108">100 100
##....##..#....#.....#.##.#.##.....####..#..#.#.#.#.#.#.#..###.#...#....###...##.#..#....#.###.#....
.#.#.#....###.##..##....##.##.#..###...###.###..#.#..#.##..##..##.#.####....#.##.#....#.#.#.###...#.
.##.##.##.#..##.##..#....#.####.#..###.#...##.#.#..#...##..#...#.#.##..##...#.###..#####....#.######
#######.##.#.##...###.#.#.##.#.#.#.######.##....#.#.#####.##.##.#.....#.##.#.....##..###.#.#####.#.#
##.#....##.##...##..#.....#.#.#......#..#.#.####.#..#..###.#.###...##.#..#..#####....##....###.###.#
#.#.##..#....#..#....#.##.###...#...##...###.#.###.#..#.#..###.##...#.#..####.#..#.#...#.###.#####..
.#####..#####.###.#..##.#####......#.#.#..#...#.#..##..##..####.......###.###.#..#...###.#..##.#..#.
..#.##.#.###..######...##..###..#.#.#........#########.###.#...##.#......##..#######..#..##.##..###.
#....##..#.##.###.#.###...###....#..#..##...##..#.#.#.....##..########..##.##..#.##..####.##.###.#.#
........#...##.#.##.####...###...#####.#.###.#####.###.###.#.....####.#####.##.#...##...#######.##.#
.#####.##.#.###.##........##.#.###........#.....#....##....#.#.##.#.###.####..##...##.###........#..
.####...#######..####..##..###..#.##...##...#..###....#....#..#..##...##..#...##...#..#.##.###...#.#
##.##.#..##.#.#.#.....##..#.#.#.##..####.####..#..#..##.###.########.....##.#..#.###.....##..###.#.#
.#..#....####.##.##.#..###....###..#..###..##..###....##.#..###.##.....##..#####..#.#.##..##.##.##..
##..#.#.###...####.#.#.#...#.#.##.#...#..###.....##.###....####.#.#...#...#.#..#......###.##..#..#..
###..##....#.#.....#.....#....#.#.#.##...####.....###....#.#.#...#.#..####.##...#..#...##..#..##.##.
#.#..#.#.#.##..#..###.........##.......#######..#.....#..##....#####.#..##.###..#.##.#.#..##.#.#..#.
...####..#####..####..#.##.....#..#######.#.#.####...#.......##.#####.#..#..#.####...##.###..#.#.##.
##...#..##..###....##.##...##.....#.####....##..#.#..#........#..#....###...##.###...##.##...#....#.
###.....#..#####.#...#..####..#####.#.#.##.##.#####...#.#..####....##..#.#......#.####.###...#.#...#
#...#..#.....###..##.#.##.#.#####...#.#....####.##.#.#######.##.##...##..##.#...#..###.##.#.###..#..
#....#.##.#..#.##..#.#.##..#.#####.##..#..##.#.#..#.#.##..#####..##...##...#.###..#..#...####..####.
#.######..#.####..#.###.#..#.##.######..#############.#.####.####.....#......######....####.......##
.##..##.....#.###.#.....#..#...#.######....####.#.##.#####.#...####.###..#..#..#..#......#...##..#.#
##.......#.##...##...####.##..####..###..#..###.#...##.#.#........#...#.#.#...#.###.#####...#..####.
.##.#.#.#######.#..#.#......#..####.#......###.######.##..##..#..##....###.##.#.....#..###......##..
.##..###.###..##...#..#.##.#.####.#...#.#.#...#..###..##.####..##.#.#..#.######.#.#.#...#...#...##..
...#...#.###.##.#.#...#..#...#.#.....#.#...#.#####..######.#####.##..####.#.###.##..#.####...###..#.
#...#....###.#..#.####.##..####..##..###...#.##...#...##..##.###.#.##.#..###..##.####....##....#####
#.#....#.#....#.....##...#...#.###..#......########.###.#.#...##.##.##.####.#...##...#.###..###..#..
#....######..###..##.#.###.#...#####..###..#.##..###...###.......#...#####..#..#.#.###.#.#.###..####
.#.###....#####....#...######.###..####.#.##.###.#..#.##....#.#..#####.####...#.###.#.#.####...#..#.
..###..#.#..##..#.#....##..#####..#..##.##...##..##..##########.#.###.#.##..#...##.#..#.#..#.#..#.#.
##.#.#..###.#..#....#....##..##.#....####.###..#.#####.#..###.###..#.##.###.#.#..#.#.##..#.######..#
.#.###..#....####....#.#.####...#.#.#.#.#.##...#..######....#..##...##.##.#.##..##.####.#.####.####.
#...#####.###..#.#####.###..####.##.##.#...#.####.##.#..#......###.#.###..#...##.##.####.#.##.#..###
#####.####..##..#.#.#.########.#.##.#.#.#.#...#......#.###########.##.#.####.##.##.#......##..##..#.
..##..##..#.#....#..#.####...#.###.####.#..#.##.......#.##.##....#...#.#.#.#......##..##..#..##....#
##...#########...####.###...##..####..###.##.#.#.###.....##.#...####.###.#..#..##.#.#..#######.#.##.
..##.#...##...#.##.#..#....#########.#.....##..##..###.#.####.##..###....#.##.#.##.###..#.#.##...#.#
#.##..####..###.##....#...#..######.........#.##.###..##...#..#.......#.#.....#....#.##...###..#...#
.###...##...######.##.########....##..##.....###.#.#######...##...######...####.###.#.#.#.#..###.#.#
#.##...#..##..#.###.##.#..###.......#..#.##.###..#.#.#.....#...#..##.##......#.#.#..#..#######..##.#
##....##.....#.###..###.##...#...#..#...###..#......#.###..##..#.##.....###....##.#.######.###..#..#
#...#######.########..#.#.##.#.#.#...#.###.#...##.##..##.#.#..####.##...#...#.#.####.#.###....#....#
....##..##.#.#.#.#.#.#.##.#.....##...#..##........###....###...#.#.#...####.......####..##.#.#..#..#
###.##.....#.#.#....#.#...##..####..#.####...#..#...##.#...###.##.#...#..#.######..#.#...#...#.##.#.
##..#...###........#.....###..#...#...##...#####..###.####..#.#.###.#..#####...#..#..#....#...#...##
#.######.##..#####.#..##...#.#.#.#...######.....########...#.###...#...#.#..###..#...##..##..####..#
.##....#.....#.##..####..#.......##.#####..##.#.###.....#.#.####.#...##...##.#.#.#.#########...#####
##..#..###.##..#...##...#.###########..#.######.#...####..###.#.#.#..##....#..#..##.##.##.###....##.
##...#.#.##.##.##.###...#...######.########..#.#.#...#.#.##.#.#....#..#####...#.##.#.#..##...#.....#
#..##.###....#..#####.#...#.##..#......#.....#.###..#.##.#####...######..#......###...##.#..#...#.#.
.....#.#...#...#####.###.####.##.#.#..#.##..#..#####..#.#..#.#...#.#..#..#.###..####.#..##..##.#.###
..##.##..###..#..###.##.##...#..##....#.####...##..#.....######..##.#.##.#..#...###..##..##.##...###
#..#....#.#..##..##...###..#.#.#.####.#...#####.##...........#.#..##..#...##.#.##.###.####.##.#.##.#
####.###..##...#....#.#.####...#..#.##.##...#..#...##...##.####.##.###..#.######............##.###.#
#####....##.#..#..#.##.##.#.###.#.#######.#..##.#.##..#......#.#.########.#...##...#.#.#..##.#..###.
#..##..###.##..#..##.###.##.##....#####.##.###.....#....#.##.#####..##...###......###...#......#.#.#
#.##.##.#..###.#..#....#..#.#..##.###..####...##..#.#.#....#.#######..#.##.#.#..###.#.#...#..##.#.##
##....#..#.###.#..#.########...#..###..##.....#.#.#..##.#.####.##.#.......#..###...#.#.#..##..##..##
###.#.##..##.####..####.####.##..##...####.##..##...#..######..###.#..#....##..#...#.....##..#.###..
.#...#.#..##..#..#..##.#.#.#####..#..#..###.#...###.#.#...#.##.#..#.....#...###....#..##..###...##..
#####.##.###.#.###...##.##.####.......##..#.#.#.#.###...#..#...#..###.#.##.##.##.#####....##..#.#...
.#.##..#.#.#..#..#..##.#..######.#...##.....###.#..##.#######.##.##.######.....#..##....#..#......##
..##.####.#.#.#..##....####..###.#..######.###...##.#..##.#.#....##.#..#...######.###..#..##.####..#
.####....##.#..#.#####.#.........#..#....#.......#..###..##....###.#.##.#..#.#.####..####.#.....####
...#.###.###..#####..#.##..#####...#.#.##..##...#.#.#.##.#..####.#...##.##..#########.#.#..#.##..#.#
..###.....#...#....####.##..###..####.##.#....#.#.#..##.....##..##.#####.#..##......####.##..#######
#..#...#.#.####..###...###.##..##....#.#.##..##...#######.....#.#.#.#.##.###.#...#.#...##.#.#.##.#.#
#####..#....###..##.....###..#....#..##.###.##..###...#..#####.#....#.#..#..#..#..#.......#.#.###.#.
#..###..##..###.#.#.#.....#.#.##.##.###...#####..##.##.#.###.#######.##..##.#####.#.#.#.#....#.##.#.
..#..##..##.###.####.####.#...##...#..#.####....##.#.###..#.##.#.#.#.##.#...###....###.#.....#..#.##
##..##.#..#..##.##.##....####.#.#..#.#..######......######.###...#####...#.##.####.#..####..#...###.
.###.###.#...###..##.####.#..####..##.#.###.#..#...#####.#####.#.####.#####....####.##.#####..#...#.
##..####...###.......#.#.#...#.#####.##.##.#.###.#.#.#.#..#...#...#.##.......#.####.#...###.#####...
.#.....####...####...###..#####....###.##..#.#.##.#.##.##.#.#.#....##...#..#....#..#.###..#.###.####
#.###.#####..#.#...#...##..##.....###.#..##.##..##.##.##......#....##..#..##.#.#.#..######.#.##.#.#.
..#####.#...#..#.#.#....#..#.#..##....##....##..##.#....#..##....###..###.#.#######..#..####.#.##...
.#.##..#.###....#.#######...##..#...#.#.#..##.#####..###.#.##.##..#..##.#...#..#...#######...#######
##.####.##.#..####..####...##.#.######.#.#.#.#.#..#.....#...##.#.#.#.####..#..#..#.#..#.#.##.#....##
.###...#...#####.###..##.##.......###.###....#..#.#.#.#....#..#####..#......##.###.#.##..###.#######
###...#.#.#.#.#.##.##..###..##....#.#.#.#.#.##......##...###.#...###.#.###.....#.....#######..#..##.
#.#...#.#..#...##.##..#..#.###.#####.##..#....##...##.##.##..#.#####.#..#.......##.##.##.##.#..##.##
#.##....#.#..#..#..#.#..#.#.#.#.....##........#.#...#.#.#.#..#.#.#...##.##..#.#.##..##.#.#.....#..##
##.#####..#..#####..#...#.....#.##...#######.#.#.#.#####...#.#.###..##.##.##.....#...#..#..###.#....
..#..##.....###..##.#.##..#.....#.....###.#.#.###..#.#..#..#.....#..####..####..###..#..####.....###
.#####.#......######.##...####.##..#.#.#.#.###.##.....#..#...##....#.#.#.##..#.#####...#..#..##....#
.#.#.##..#.##.#.#.###.##...##....#..####...#..##.#.##...##..####..##.#.....##....##..##..##.####.#..
..####...###.##.#.#.####..##....####..#.#.##...#.##.#..######...#.##.#..#####.#.#..#.#....#####.#.#.
##.#.#.###..##.###.#####..#.###..#..#.##.##.#####...###..##...#.........###...##...####.####.#..#..#
#.#.##.#...##...#..#.#....#.####..#..#......####...##.#.#....####.##.#.###.....#.#.#.#.#.##..###...#
######..#..##.#....#.#..#...#....#..#####.##.##...#....#..#.##.#.#.####..#....###....###.#..#.##.###
..#.###....#..##.#....#.###...#####.###.##...####...###........#.##.#.#.##.#....#.##.##.#.......#...
...######.##..##..###.......###.###.....#....###..#...#..#.#....####..##..##.##....##.##.####.#.#.##
#.##.##...#####.#..#.....#.####..######.....###.#..#...#.#.#.#......#.#######.##.#.#..##..##.#..#.#.
###.#.#####...##.###..#..#.##.#.#.#...##.#.##...#.##.##.##.##.##..#..#.###.#..#.##.#.#.#..##.#..#...
...##.#..#.####.#.##.#.##....#.#.#..##...##.###.###.##.......##..#####..#....##..#.#....##.#...#..#.
.....#.##.#.#.##...........#.#.#####.##...#####...#....#..#.##..#..###..#.##...###....#.#...#.....#.
#....##...##.#..#.....####....##..#.###....#..#######..#.#.....#.##.##...#..#...###.#..###....##.##.
</input>
      <output size="4">611
</output>
      <correct size="4">611
</correct>
      <stderr size="0"></stderr>
      <checker size="3">OK
</checker>
    </test>
    <test num="5" status="SE" time="376" real-time="408" max-memory-used="32944128" >
  <program-stats-str>{ utime=316, stime=60, ptime=376, rtime=408, maxvsz=32944128, maxrss=19894272, nvcsw=2, nivcsw=44 }</program-stats-str>
      <input size="10108">100 100
####################################################################################################
####################################################################################################
####################################################################################################
####################################################################################################
####################################################################################################
####################################################################################################
####################################################################################################
####################################################################################################
####################################################################################################
####################################################################################################
####################################################################################################
####################################################################################################
####################################################################################################
####################################################################################################
####################################################################################################
####################################################################################################
####################################################################################################
####################################################################################################
####################################################################################################
####################################################################################################
####################################################################################################
####################################################################################################
####################################################################################################
####################################################################################################
####################################################################################################
####################################################################################################
####################################################################################################
####################################################################################################
####################################################################################################
####################################################################################################
####################################################################################################
####################################################################################################
####################################################################################################
####################################################################################################
####################################################################################################
####################################################################################################
####################################################################################################
####################################################################################################
####################################################################################################
####################################################################################################
####################################################################################################
####################################################################################################
####################################################################################################
####################################################################################################
####################################################################################################
####################################################################################################
####################################################################################################
####################################################################################################
####################################################################################################
####################################################################################################
####################################################################################################
####################################################################################################
####################################################################################################
####################################################################################################
####################################################################################################
####################################################################################################
####################################################################################################
####################################################################################################
####################################################################################################
####################################################################################################
####################################################################################################
####################################################################################################
####################################################################################################
####################################################################################################
####################################################################################################
####################################################################################################
####################################################################################################
####################################################################################################
####################################################################################################
####################################################################################################
####################################################################################################
####################################################################################################
####################################################################################################
####################################################################################################
####################################################################################################
####################################################################################################
####################################################################################################
####################################################################################################
####################################################################################################
####################################################################################################
####################################################################################################
####################################################################################################
####################################################################################################
####################################################################################################
####################################################################################################
####################################################################################################
####################################################################################################
####################################################################################################
####################################################################################################
####################################################################################################
####################################################################################################
####################################################################################################
####################################################################################################
####################################################################################################
####################################################################################################
####################################################################################################
####################################################################################################
####################################################################################################
####################################################################################################
####################################################################################################
</input>
      <output size="0"></output>
      <stderr size="65164">Can't open '/usr/share/abrt/conf.d/plugins/python3.conf': Operation not permitted
Can't open '/etc/abrt/plugins/python3.conf': Operation not permitted
Traceback (most recent call last):
  File &quot;./000179&quot;, line 30, in &lt;module&gt;
    dfs(i, j)
  File &quot;./000179&quot;, line 25, in dfs
    dfs(x + dx[i], y + dy[i])
  File &quot;./000179&quot;, line 25, in dfs
    dfs(x + dx[i], y + dy[i])
  File &quot;./000179&quot;, line 25, in dfs
    dfs(x + dx[i], y + dy[i])
  File &quot;./000179&quot;, line 25, in dfs
    dfs(x + dx[i], y + dy[i])
  File &quot;./000179&quot;, line 25, in dfs
    dfs(x + dx[i], y + dy[i])
  File &quot;./000179&quot;, line 25, in dfs
    dfs(x + dx[i], y + dy[i])
  File &quot;./000179&quot;, line 25, in dfs
    dfs(x + dx[i], y + dy[i])
  File &quot;./000179&quot;, line 25, in dfs
    dfs(x + dx[i], y + dy[i])
  File &quot;./000179&quot;, line 25, in dfs
    dfs(x + dx[i], y + dy[i])
  File &quot;./000179&quot;, line 25, in dfs
    dfs(x + dx[i], y + dy[i])
  File &quot;./000179&quot;, line 25, in dfs
    dfs(x + dx[i], y + dy[i])
  File &quot;./000179&quot;, line 25, in dfs
    dfs(x + dx[i], y + dy[i])
  File &quot;./000179&quot;, line 25, in dfs
    dfs(x + dx[i], y + dy[i])
  File &quot;./000179&quot;, line 25, in dfs
    dfs(x + dx[i], y + dy[i])
  File &quot;./000179&quot;, line 25, in dfs
    dfs(x + dx[i], y + dy[i])
  File &quot;./000179&quot;, line 25, in dfs
    dfs(x + dx[i], y + dy[i])
  File &quot;./000179&quot;, line 25, in dfs
    dfs(x + dx[i], y + dy[i])
  File &quot;./000179&quot;, line 25, in dfs
    dfs(x + dx[i], y + dy[i])
  File &quot;./000179&quot;, line 25, in dfs
    dfs(x + dx[i], y + dy[i])
  File &quot;./000179&quot;, line 25, in dfs
    dfs(x + dx[i], y + dy[i])
  File &quot;./000179&quot;, line 25, in dfs
    dfs(x + dx[i], y + dy[i])
  File &quot;./000179&quot;, line 25, in dfs
    dfs(x + dx[i], y + dy[i])
  File &quot;./000179&quot;, line 25, in dfs
    dfs(x + dx[i], y + dy[i])
  File &quot;./000179&quot;, line 25, in dfs
    dfs(x + dx[i], y + dy[i])
  File &quot;./000179&quot;, line 25, in dfs
    dfs(x + dx[i], y + dy[i])
  File &quot;./000179&quot;, line 25, in dfs
    dfs(x + dx[i], y + dy[i])
  File &quot;./000179&quot;, line 25, in dfs
    dfs(x + dx[i], y + dy[i])
  File &quot;./000179&quot;, line 25, in dfs
    dfs(x + dx[i], y + dy[i])
  File &quot;./000179&quot;, line 25, in dfs
    dfs(x + dx[i], y + dy[i])
  File &quot;./000179&quot;, line 25, in dfs
    dfs(x + dx[i], y + dy[i])
  File &quot;./000179&quot;, line 25, in dfs
    dfs(x + dx[i], y + dy[i])
  File &quot;./000179&quot;, line 25, in dfs
    dfs(x + dx[i], y + dy[i])
  File &quot;./000179&quot;, line 25, in dfs
    dfs(x + dx[i], y + dy[i])
  File &quot;./000179&quot;, line 25, in dfs
    dfs(x + dx[i], y + dy[i])
  File &quot;./000179&quot;, line 25, in dfs
    dfs(x + dx[i], y + dy[i])
  File &quot;./000179&quot;, line 25, in dfs
    dfs(x + dx[i], y + dy[i])
  File &quot;./000179&quot;, line 25, in dfs
    dfs(x + dx[i], y + dy[i])
  File &quot;./000179&quot;, line 25, in dfs
    dfs(x + dx[i], y + dy[i])
  File &quot;./000179&quot;, line 25, in dfs
    dfs(x + dx[i], y + dy[i])
  File &quot;./000179&quot;, line 25, in dfs
    dfs(x + dx[i], y + dy[i])
  File &quot;./000179&quot;, line 25, in dfs
    dfs(x + dx[i], y + dy[i])
  File &quot;./000179&quot;, line 25, in dfs
    dfs(x + dx[i], y + dy[i])
  File &quot;./000179&quot;, line 25, in dfs
    dfs(x + dx[i], y + dy[i])
  File &quot;./000179&quot;, line 25, in dfs
    dfs(x + dx[i], y + dy[i])
  File &quot;./000179&quot;, line 25, in dfs
    dfs(x + dx[i], y + dy[i])
  File &quot;./000179&quot;, line 25, in dfs
    dfs(x + dx[i], y + dy[i])
  File &quot;./000179&quot;, line 25, in dfs
    dfs(x + dx[i], y + dy[i])
  File &quot;./000179&quot;, line 25, in dfs
    dfs(x + dx[i], y + dy[i])
  File &quot;./000179&quot;, line 25, in dfs
    dfs(x + dx[i], y + dy[i])
  File &quot;./000179&quot;, line 25, in dfs
    dfs(x + dx[i], y + dy[i])
  File &quot;./000179&quot;, line 25, in dfs
    dfs(x + dx[i], y + dy[i])
  File &quot;./000179&quot;, line 25, in dfs
    dfs(x + dx[i], y + dy[i])
  File &quot;./000179&quot;, line 25, in dfs
    dfs(x + dx[i], y + dy[i])
  File &quot;./000179&quot;, line 25, in dfs
    dfs(x + dx[i], y + dy[i])
  File &quot;./000179&quot;, line 25, in dfs
    dfs(x + dx[i], y + dy[i])
  File &quot;./000179&quot;, line 25, in dfs
    dfs(x + dx[i], y + dy[i])
  File &quot;./000179&quot;, line 25, in dfs
    dfs(x + dx[i], y + dy[i])
  File &quot;./000179&quot;, line 25, in dfs
    dfs(x + dx[i], y + dy[i])
  File &quot;./000179&quot;, line 25, in dfs
    dfs(x + dx[i], y + dy[i])
  File &quot;./000179&quot;, line 25, in dfs
    dfs(x + dx[i], y + dy[i])
  File &quot;./000179&quot;, line 25, in dfs
    dfs(x + dx[i], y + dy[i])
  File &quot;./000179&quot;, line 25, in dfs
    dfs(x + dx[i], y + dy[i])
  File &quot;./000179&quot;, line 25, in dfs
    dfs(x + dx[i], y + dy[i])
  File &quot;./000179&quot;, line 25, in dfs
    dfs(x + dx[i], y + dy[i])
  File &quot;./000179&quot;, line 25, in dfs
    dfs(x + dx[i], y + dy[i])
  File &quot;./000179&quot;, line 25, in dfs
    dfs(x + dx[i], y + dy[i])
  File &quot;./000179&quot;, line 25, in dfs
    dfs(x + dx[i], y + dy[i])
  File &quot;./000179&quot;, line 25, in dfs
    dfs(x + dx[i], y + dy[i])
  File &quot;./000179&quot;, line 25, in dfs
    dfs(x + dx[i], y + dy[i])
  File &quot;./000179&quot;, line 25, in dfs
    dfs(x + dx[i], y + dy[i])
  File &quot;./000179&quot;, line 25, in dfs
    dfs(x + dx[i], y + dy[i])
  File &quot;./000179&quot;, line 25, in dfs
    dfs(x + dx[i], y + dy[i])
  File &quot;./000179&quot;, line 25, in dfs
    dfs(x + dx[i], y + dy[i])
  File &quot;./000179&quot;, line 25, in dfs
    dfs(x + dx[i], y + dy[i])
  File &quot;./000179&quot;, line 25, in dfs
    dfs(x + dx[i], y + dy[i])
  File &quot;./000179&quot;, line 25, in dfs
    dfs(x + dx[i], y + dy[i])
  File &quot;./000179&quot;, line 25, in dfs
    dfs(x + dx[i], y + dy[i])
  File &quot;./000179&quot;, line 25, in dfs
    dfs(x + dx[i], y + dy[i])
  File &quot;./000179&quot;, line 25, in dfs
    dfs(x + dx[i], y + dy[i])
  File &quot;./000179&quot;, line 25, in dfs
    dfs(x + dx[i], y + dy[i])
  File &quot;./000179&quot;, line 25, in dfs
    dfs(x + dx[i], y + dy[i])
  File &quot;./000179&quot;, line 25, in dfs
    dfs(x + dx[i], y + dy[i])
  File &quot;./000179&quot;, line 25, in dfs
    dfs(x + dx[i], y + dy[i])
  File &quot;./000179&quot;, line 25, in dfs
    dfs(x + dx[i], y + dy[i])
  File &quot;./000179&quot;, line 25, in dfs
    dfs(x + dx[i], y + dy[i])
  File &quot;./000179&quot;, line 25, in dfs
    dfs(x + dx[i], y + dy[i])
  File &quot;./000179&quot;, line 25, in dfs
    dfs(x + dx[i], y + dy[i])
  File &quot;./000179&quot;, line 25, in dfs
    dfs(x + dx[i], y + dy[i])
  File &quot;./000179&quot;, line 25, in dfs
    dfs(x + dx[i], y + dy[i])
  File &quot;./000179&quot;, line 25, in dfs
    dfs(x + dx[i], y + dy[i])
  File &quot;./000179&quot;, line 25, in dfs
    dfs(x + dx[i], y + dy[i])
  File &quot;./000179&quot;, line 25, in dfs
    dfs(x + dx[i], y + dy[i])
  File &quot;./000179&quot;, line 25, in dfs
    dfs(x + dx[i], y + dy[i])
  File &quot;./000179&quot;, line 25, in dfs
    dfs(x + dx[i], y + dy[i])
  File &quot;./000179&quot;, line 25, in dfs
    dfs(x + dx[i], y + dy[i])
  File &quot;./000179&quot;, line 25, in dfs
    dfs(x + dx[i], y + dy[i])
  File &quot;./000179&quot;, line 25, in dfs
    dfs(x + dx[i], y + dy[i])
  File &quot;./000179&quot;, line 25, in dfs
    dfs(x + dx[i], y + dy[i])
  File &quot;./000179&quot;, line 25, in dfs
    dfs(x + dx[i], y + dy[i])
  File &quot;./000179&quot;, line 25, in dfs
    dfs(x + dx[i], y + dy[i])
  File &quot;./000179&quot;, line 25, in dfs
    dfs(x + dx[i], y + dy[i])
  File &quot;./000179&quot;, line 25, in dfs
    dfs(x + dx[i], y + dy[i])
  File &quot;./000179&quot;, line 25, in dfs
    dfs(x + dx[i], y + dy[i])
  File &quot;./000179&quot;, line 25, in dfs
    dfs(x + dx[i], y + dy[i])
  File &quot;./000179&quot;, line 25, in dfs
    dfs(x + dx[i], y + dy[i])
  File &quot;./000179&quot;, line 25, in dfs
    dfs(x + dx[i], y + dy[i])
  File &quot;./000179&quot;, line 25, in dfs
    dfs(x + dx[i], y + dy[i])
  File &quot;./000179&quot;, line 25, in dfs
    dfs(x + dx[i], y + dy[i])
  File &quot;./000179&quot;, line 25, in dfs
    dfs(x + dx[i], y + dy[i])
  File &quot;./000179&quot;, line 25, in dfs
    dfs(x + dx[i], y + dy[i])
  File &quot;./000179&quot;, line 25, in dfs
    dfs(x + dx[i], y + dy[i])
  File &quot;./000179&quot;, line 25, in dfs
    dfs(x + dx[i], y + dy[i])
  File &quot;./000179&quot;, line 25, in dfs
    dfs(x + dx[i], y + dy[i])
  File &quot;./000179&quot;, line 25, in dfs
    dfs(x + dx[i], y + dy[i])
  File &quot;./000179&quot;, line 25, in dfs
    dfs(x + dx[i], y + dy[i])
  File &quot;./000179&quot;, line 25, in dfs
    dfs(x + dx[i], y + dy[i])
  File &quot;./000179&quot;, line 25, in dfs
    dfs(x + dx[i], y + dy[i])
  File &quot;./000179&quot;, line 25, in dfs
    dfs(x + dx[i], y + dy[i])
  File &quot;./000179&quot;, line 25, in dfs
    dfs(x + dx[i], y + dy[i])
  File &quot;./000179&quot;, line 25, in dfs
    dfs(x + dx[i], y + dy[i])
  File &quot;./000179&quot;, line 25, in dfs
    dfs(x + dx[i], y + dy[i])
  File &quot;./000179&quot;, line 25, in dfs
    dfs(x + dx[i], y + dy[i])
  File &quot;./000179&quot;, line 25, in dfs
    dfs(x + dx[i], y + dy[i])
  File &quot;./000179&quot;, line 25, in dfs
    dfs(x + dx[i], y + dy[i])
  File &quot;./000179&quot;, line 25, in dfs
    dfs(x + dx[i], y + dy[i])
  File &quot;./000179&quot;, line 25, in dfs
    dfs(x + dx[i], y + dy[i])
  File &quot;./000179&quot;, line 25, in dfs
    dfs(x + dx[i], y + dy[i])
  File &quot;./000179&quot;, line 25, in dfs
    dfs(x + dx[i], y + dy[i])
  File &quot;./000179&quot;, line 25, in dfs
    dfs(x + dx[i], y + dy[i])
  File &quot;./000179&quot;, line 25, in dfs
    dfs(x + dx[i], y + dy[i])
  File &quot;./000179&quot;, line 25, in dfs
    dfs(x + dx[i], y + dy[i])
  File &quot;./000179&quot;, line 25, in dfs
    dfs(x + dx[i], y + dy[i])
  File &quot;./000179&quot;, line 25, in dfs
    dfs(x + dx[i], y + dy[i])
  File &quot;./000179&quot;, line 25, in dfs
    dfs(x + dx[i], y + dy[i])
  File &quot;./000179&quot;, line 25, in dfs
    dfs(x + dx[i], y + dy[i])
  File &quot;./000179&quot;, line 25, in dfs
    dfs(x + dx[i], y + dy[i])
  File &quot;./000179&quot;, line 25, in dfs
    dfs(x + dx[i], y + dy[i])
  File &quot;./000179&quot;, line 25, in dfs
    dfs(x + dx[i], y + dy[i])
  File &quot;./000179&quot;, line 25, in dfs
    dfs(x + dx[i], y + dy[i])
  File &quot;./000179&quot;, line 25, in dfs
    dfs(x + dx[i], y + dy[i])
  File &quot;./000179&quot;, line 25, in dfs
    dfs(x + dx[i], y + dy[i])
  File &quot;./000179&quot;, line 25, in dfs
    dfs(x + dx[i], y + dy[i])
  File &quot;./000179&quot;, line 25, in dfs
    dfs(x + dx[i], y + dy[i])
  File &quot;./000179&quot;, line 25, in dfs
    dfs(x + dx[i], y + dy[i])
  File &quot;./000179&quot;, line 25, in dfs
    dfs(x + dx[i], y + dy[i])
  File &quot;./000179&quot;, line 25, in dfs
    dfs(x + dx[i], y + dy[i])
  File &quot;./000179&quot;, line 25, in dfs
    dfs(x + dx[i], y + dy[i])
  File &quot;./000179&quot;, line 25, in dfs
    dfs(x + dx[i], y + dy[i])
  File &quot;./000179&quot;, line 25, in dfs
    dfs(x + dx[i], y + dy[i])
  File &quot;./000179&quot;, line 25, in dfs
    dfs(x + dx[i], y + dy[i])
  File &quot;./000179&quot;, line 25, in dfs
    dfs(x + dx[i], y + dy[i])
  File &quot;./000179&quot;, line 25, in dfs
    dfs(x + dx[i], y + dy[i])
  File &quot;./000179&quot;, line 25, in dfs
    dfs(x + dx[i], y + dy[i])
  File &quot;./000179&quot;, line 25, in dfs
    dfs(x + dx[i], y + dy[i])
  File &quot;./000179&quot;, line 25, in dfs
    dfs(x + dx[i], y + dy[i])
  File &quot;./000179&quot;, line 25, in dfs
    dfs(x + dx[i], y + dy[i])
  File &quot;./000179&quot;, line 25, in dfs
    dfs(x + dx[i], y + dy[i])
  File &quot;./000179&quot;, line 25, in dfs
    dfs(x + dx[i], y + dy[i])
  File &quot;./000179&quot;, line 25, in dfs
    dfs(x + dx[i], y + dy[i])
  File &quot;./000179&quot;, line 25, in dfs
    dfs(x + dx[i], y + dy[i])
  File &quot;./000179&quot;, line 25, in dfs
    dfs(x + dx[i], y + dy[i])
  File &quot;./000179&quot;, line 25, in dfs
    dfs(x + dx[i], y + dy[i])
  File &quot;./000179&quot;, line 25, in dfs
    dfs(x + dx[i], y + dy[i])
  File &quot;./000179&quot;, line 25, in dfs
    dfs(x + dx[i], y + dy[i])
  File &quot;./000179&quot;, line 25, in dfs
    dfs(x + dx[i], y + dy[i])
  File &quot;./000179&quot;, line 25, in dfs
    dfs(x + dx[i], y + dy[i])
  File &quot;./000179&quot;, line 25, in dfs
    dfs(x + dx[i], y + dy[i])
  File &quot;./000179&quot;, line 25, in dfs
    dfs(x + dx[i], y + dy[i])
  File &quot;./000179&quot;, line 25, in dfs
    dfs(x + dx[i], y + dy[i])
  File &quot;./000179&quot;, line 25, in dfs
    dfs(x + dx[i], y + dy[i])
  File &quot;./000179&quot;, line 25, in dfs
    dfs(x + dx[i], y + dy[i])
  File &quot;./000179&quot;, line 25, in dfs
    dfs(x + dx[i], y + dy[i])
  File &quot;./000179&quot;, line 25, in dfs
    dfs(x + dx[i], y + dy[i])
  File &quot;./000179&quot;, line 25, in dfs
    dfs(x + dx[i], y + dy[i])
  File &quot;./000179&quot;, line 25, in dfs
    dfs(x + dx[i], y + dy[i])
  File &quot;./000179&quot;, line 25, in dfs
    dfs(x + dx[i], y + dy[i])
  File &quot;./000179&quot;, line 25, in dfs
    dfs(x + dx[i], y + dy[i])
  File &quot;./000179&quot;, line 25, in dfs
    dfs(x + dx[i], y + dy[i])
  File &quot;./000179&quot;, line 25, in dfs
    dfs(x + dx[i], y + dy[i])
  File &quot;./000179&quot;, line 25, in dfs
    dfs(x + dx[i], y + dy[i])
  File &quot;./000179&quot;, line 25, in dfs
    dfs(x + dx[i], y + dy[i])
  File &quot;./000179&quot;, line 25, in dfs
    dfs(x + dx[i], y + dy[i])
  File &quot;./000179&quot;, line 25, in dfs
    dfs(x + dx[i], y + dy[i])
  File &quot;./000179&quot;, line 25, in dfs
    dfs(x + dx[i], y + dy[i])
  File &quot;./000179&quot;, line 25, in dfs
    dfs(x + dx[i], y + dy[i])
  File &quot;./000179&quot;, line 25, in dfs
    dfs(x + dx[i], y + dy[i])
  File &quot;./000179&quot;, line 25, in dfs
    dfs(x + dx[i], y + dy[i])
  File &quot;./000179&quot;, line 25, in dfs
    dfs(x + dx[i], y + dy[i])
  File &quot;./000179&quot;, line 25, in dfs
    dfs(x + dx[i], y + dy[i])
  File &quot;./000179&quot;, line 25, in dfs
    dfs(x + dx[i], y + dy[i])
  File &quot;./000179&quot;, line 25, in dfs
    dfs(x + dx[i], y + dy[i])
  File &quot;./000179&quot;, line 25, in dfs
    dfs(x + dx[i], y + dy[i])
  File &quot;./000179&quot;, line 25, in dfs
    dfs(x + dx[i], y + dy[i])
  File &quot;./000179&quot;, line 25, in dfs
    dfs(x + dx[i], y + dy[i])
  File &quot;./000179&quot;, line 25, in dfs
    dfs(x + dx[i], y + dy[i])
  File &quot;./000179&quot;, line 25, in dfs
    dfs(x + dx[i], y + dy[i])
  File &quot;./000179&quot;, line 25, in dfs
    dfs(x + dx[i], y + dy[i])
  File &quot;./000179&quot;, line 25, in dfs
    dfs(x + dx[i], y + dy[i])
  File &quot;./000179&quot;, line 25, in dfs
    dfs(x + dx[i], y + dy[i])
  File &quot;./000179&quot;, line 25, in dfs
    dfs(x + dx[i], y + dy[i])
  File &quot;./000179&quot;, line 25, in dfs
    dfs(x + dx[i], y + dy[i])
  File &quot;./000179&quot;, line 25, in dfs
    dfs(x + dx[i], y + dy[i])
  File &quot;./000179&quot;, line 25, in dfs
    dfs(x + dx[i], y + dy[i])
  File &quot;./000179&quot;, line 25, in dfs
    dfs(x + dx[i], y + dy[i])
  File &quot;./000179&quot;, line 25, in dfs
    dfs(x + dx[i], y + dy[i])
  File &quot;./000179&quot;, line 25, in dfs
    dfs(x + dx[i], y + dy[i])
  File &quot;./000179&quot;, line 25, in dfs
    dfs(x + dx[i], y + dy[i])
  File &quot;./000179&quot;, line 25, in dfs
    dfs(x + dx[i], y + dy[i])
  File &quot;./000179&quot;, line 25, in dfs
    dfs(x + dx[i], y + dy[i])
  File &quot;./000179&quot;, line 25, in dfs
    dfs(x + dx[i], y + dy[i])
  File &quot;./000179&quot;, line 25, in dfs
    dfs(x + dx[i], y + dy[i])
  File &quot;./000179&quot;, line 25, in dfs
    dfs(x + dx[i], y + dy[i])
  File &quot;./000179&quot;, line 25, in dfs
    dfs(x + dx[i], y + dy[i])
  File &quot;./000179&quot;, line 25, in dfs
    dfs(x + dx[i], y + dy[i])
  File &quot;./000179&quot;, line 25, in dfs
    dfs(x + dx[i], y + dy[i])
  File &quot;./000179&quot;, line 25, in dfs
    dfs(x + dx[i], y + dy[i])
  File &quot;./000179&quot;, line 25, in dfs
    dfs(x + dx[i], y + dy[i])
  File &quot;./000179&quot;, line 25, in dfs
    dfs(x + dx[i], y + dy[i])
  File &quot;./000179&quot;, line 25, in dfs
    dfs(x + dx[i], y + dy[i])
  File &quot;./000179&quot;, line 25, in dfs
    dfs(x + dx[i], y + dy[i])
  File &quot;./000179&quot;, line 25, in dfs
    dfs(x + dx[i], y + dy[i])
  File &quot;./000179&quot;, line 25, in dfs
    dfs(x + dx[i], y + dy[i])
  File &quot;./000179&quot;, line 25, in dfs
    dfs(x + dx[i], y + dy[i])
  File &quot;./000179&quot;, line 25, in dfs
    dfs(x + dx[i], y + dy[i])
  File &quot;./000179&quot;, line 25, in dfs
    dfs(x + dx[i], y + dy[i])
  File &quot;./000179&quot;, line 25, in dfs
    dfs(x + dx[i], y + dy[i])
  File &quot;./000179&quot;, line 25, in dfs
    dfs(x + dx[i], y + dy[i])
  File &quot;./000179&quot;, line 25, in dfs
    dfs(x + dx[i], y + dy[i])
  File &quot;./000179&quot;, line 25, in dfs
    dfs(x + dx[i], y + dy[i])
  File &quot;./000179&quot;, line 25, in dfs
    dfs(x + dx[i], y + dy[i])
  File &quot;./000179&quot;, line 25, in dfs
    dfs(x + dx[i], y + dy[i])
  File &quot;./000179&quot;, line 25, in dfs
    dfs(x + dx[i], y + dy[i])
  File &quot;./000179&quot;, line 25, in dfs
    dfs(x + dx[i], y + dy[i])
  File &quot;./000179&quot;, line 25, in dfs
    dfs(x + dx[i], y + dy[i])
  File &quot;./000179&quot;, line 25, in dfs
    dfs(x + dx[i], y + dy[i])
  File &quot;./000179&quot;, line 25, in dfs
    dfs(x + dx[i], y + dy[i])
  File &quot;./000179&quot;, line 25, in dfs
    dfs(x + dx[i], y + dy[i])
  File &quot;./000179&quot;, line 25, in dfs
    dfs(x + dx[i], y + dy[i])
  File &quot;./000179&quot;, line 25, in dfs
    dfs(x + dx[i], y + dy[i])
  File &quot;./000179&quot;, line 25, in dfs
    dfs(x + dx[i], y + dy[i])
  File &quot;./000179&quot;, line 25, in dfs
    dfs(x + dx[i], y + dy[i])
  File &quot;./000179&quot;, line 25, in dfs
    dfs(x + dx[i], y + dy[i])
  File &quot;./000179&quot;, line 25, in dfs
    dfs(x + dx[i], y + dy[i])
  File &quot;./000179&quot;, line 25, in dfs
    dfs(x + dx[i], y + dy[i])
  File &quot;./000179&quot;, line 25, in dfs
    dfs(x + dx[i], y + dy[i])
  File &quot;./000179&quot;, line 25, in dfs
    dfs(x + dx[i], y + dy[i])
  File &quot;./000179&quot;, line 25, in dfs
    dfs(x + dx[i], y + dy[i])
  File &quot;./000179&quot;, line 25, in dfs
    dfs(x + dx[i], y + dy[i])
  File &quot;./000179&quot;, line 25, in dfs
    dfs(x + dx[i], y + dy[i])
  File &quot;./000179&quot;, line 25, in dfs
    dfs(x + dx[i], y + dy[i])
  File &quot;./000179&quot;, line 25, in dfs
    dfs(x + dx[i], y + dy[i])
  File &quot;./000179&quot;, line 25, in dfs
    dfs(x + dx[i], y + dy[i])
  File &quot;./000179&quot;, line 25, in dfs
    dfs(x + dx[i], y + dy[i])
  File &quot;./000179&quot;, line 25, in dfs
    dfs(x + dx[i], y + dy[i])
  File &quot;./000179&quot;, line 25, in dfs
    dfs(x + dx[i], y + dy[i])
  File &quot;./000179&quot;, line 25, in dfs
    dfs(x + dx[i], y + dy[i])
  File &quot;./000179&quot;, line 25, in dfs
    dfs(x + dx[i], y + dy[i])
  File &quot;./000179&quot;, line 25, in dfs
    dfs(x + dx[i], y + dy[i])
  File &quot;./000179&quot;, line 25, in dfs
    dfs(x + dx[i], y + dy[i])
  File &quot;./000179&quot;, line 25, in dfs
    dfs(x + dx[i], y + dy[i])
  File &quot;./000179&quot;, line 25, in dfs
    dfs(x + dx[i], y + dy[i])
  File &quot;./000179&quot;, line 25, in dfs
    dfs(x + dx[i], y + dy[i])
  File &quot;./000179&quot;, line 25, in dfs
    dfs(x + dx[i], y + dy[i])
  File &quot;./000179&quot;, line 25, in dfs
    dfs(x + dx[i], y + dy[i])
  File &quot;./000179&quot;, line 25, in dfs
    dfs(x + dx[i], y + dy[i])
  File &quot;./000179&quot;, line 25, in dfs
    dfs(x + dx[i], y + dy[i])
  File &quot;./000179&quot;, line 25, in dfs
    dfs(x + dx[i], y + dy[i])
  File &quot;./000179&quot;, line 25, in dfs
    dfs(x + dx[i], y + dy[i])
  File &quot;./000179&quot;, line 25, in dfs
    dfs(x + dx[i], y + dy[i])
  File &quot;./000179&quot;, line 25, in dfs
    dfs(x + dx[i], y + dy[i])
  File &quot;./000179&quot;, line 25, in dfs
    dfs(x + dx[i], y + dy[i])
  File &quot;./000179&quot;, line 25, in dfs
    dfs(x + dx[i], y + dy[i])
  File &quot;./000179&quot;, line 25, in dfs
    dfs(x + dx[i], y + dy[i])
  File &quot;./000179&quot;, line 25, in dfs
    dfs(x + dx[i], y + dy[i])
  File &quot;./000179&quot;, line 25, in dfs
    dfs(x + dx[i], y + dy[i])
  File &quot;./000179&quot;, line 25, in dfs
    dfs(x + dx[i], y + dy[i])
  File &quot;./000179&quot;, line 25, in dfs
    dfs(x + dx[i], y + dy[i])
  File &quot;./000179&quot;, line 25, in dfs
    dfs(x + dx[i], y + dy[i])
  File &quot;./000179&quot;, line 25, in dfs
    dfs(x + dx[i], y + dy[i])
  File &quot;./000179&quot;, line 25, in dfs
    dfs(x + dx[i], y + dy[i])
  File &quot;./000179&quot;, line 25, in dfs
    dfs(x + dx[i], y + dy[i])
  File &quot;./000179&quot;, line 25, in dfs
    dfs(x + dx[i], y + dy[i])
  File &quot;./000179&quot;, line 25, in dfs
    dfs(x + dx[i], y + dy[i])
  File &quot;./000179&quot;, line 25, in dfs
    dfs(x + dx[i], y + dy[i])
  File &quot;./000179&quot;, line 25, in dfs
    dfs(x + dx[i], y + dy[i])
  File &quot;./000179&quot;, line 25, in dfs
    dfs(x + dx[i], y + dy[i])
  File &quot;./000179&quot;, line 25, in dfs
    dfs(x + dx[i], y + dy[i])
  File &quot;./000179&quot;, line 25, in dfs
    dfs(x + dx[i], y + dy[i])
  File &quot;./000179&quot;, line 25, in dfs
    dfs(x + dx[i], y + dy[i])
  File &quot;./000179&quot;, line 25, in dfs
    dfs(x + dx[i], y + dy[i])
  File &quot;./000179&quot;, line 25, in dfs
    dfs(x + dx[i], y + dy[i])
  File &quot;./000179&quot;, line 25, in dfs
    dfs(x + dx[i], y + dy[i])
  File &quot;./000179&quot;, line 25, in dfs
    dfs(x + dx[i], y + dy[i])
  File &quot;./000179&quot;, line 25, in dfs
    dfs(x + dx[i], y + dy[i])
  File &quot;./000179&quot;, line 25, in dfs
    dfs(x + dx[i], y + dy[i])
  File &quot;./000179&quot;, line 25, in dfs
    dfs(x + dx[i], y + dy[i])
  File &quot;./000179&quot;, line 25, in dfs
    dfs(x + dx[i], y + dy[i])
  File &quot;./000179&quot;, line 25, in dfs
    dfs(x + dx[i], y + dy[i])
  File &quot;./000179&quot;, line 25, in dfs
    dfs(x + dx[i], y + dy[i])
  File &quot;./000179&quot;, line 25, in dfs
    dfs(x + dx[i], y + dy[i])
  File &quot;./000179&quot;, line 25, in dfs
    dfs(x + dx[i], y + dy[i])
  File &quot;./000179&quot;, line 25, in dfs
    dfs(x + dx[i], y + dy[i])
  File &quot;./000179&quot;, line 25, in dfs
    dfs(x + dx[i], y + dy[i])
  File &quot;./000179&quot;, line 25, in dfs
    dfs(x + dx[i], y + dy[i])
  File &quot;./000179&quot;, line 25, in dfs
    dfs(x + dx[i], y + dy[i])
  File &quot;./000179&quot;, line 25, in dfs
    dfs(x + dx[i], y + dy[i])
  File &quot;./000179&quot;, line 25, in dfs
    dfs(x + dx[i], y + dy[i])
  File &quot;./000179&quot;, line 25, in dfs
    dfs(x + dx[i], y + dy[i])
  File &quot;./000179&quot;, line 25, in dfs
    dfs(x + dx[i], y + dy[i])
  File &quot;./000179&quot;, line 25, in dfs
    dfs(x + dx[i], y + dy[i])
  File &quot;./000179&quot;, line 25, in dfs
    dfs(x + dx[i], y + dy[i])
  File &quot;./000179&quot;, line 25, in dfs
    dfs(x + dx[i], y + dy[i])
  File &quot;./000179&quot;, line 25, in dfs
    dfs(x + dx[i], y + dy[i])
  File &quot;./000179&quot;, line 25, in dfs
    dfs(x + dx[i], y + dy[i])
  File &quot;./000179&quot;, line 25, in dfs
    dfs(x + dx[i], y + dy[i])
  File &quot;./000179&quot;, line 25, in dfs
    dfs(x + dx[i], y + dy[i])
  File &quot;./000179&quot;, line 25, in dfs
    dfs(x + dx[i], y + dy[i])
  File &quot;./000179&quot;, line 25, in dfs
    dfs(x + dx[i], y + dy[i])
  File &quot;./000179&quot;, line 25, in dfs
    dfs(x + dx[i], y + dy[i])
  File &quot;./000179&quot;, line 25, in dfs
    dfs(x + dx[i], y + dy[i])
  File &quot;./000179&quot;, line 25, in dfs
    dfs(x + dx[i], y + dy[i])
  File &quot;./000179&quot;, line 25, in dfs
    dfs(x + dx[i], y + dy[i])
  File &quot;./000179&quot;, line 25, in dfs
    dfs(x + dx[i], y + dy[i])
  File &quot;./000179&quot;, line 25, in dfs
    dfs(x + dx[i], y + dy[i])
  File &quot;./000179&quot;, line 25, in dfs
    dfs(x + dx[i], y + dy[i])
  File &quot;./000179&quot;, line 25, in dfs
    dfs(x + dx[i], y + dy[i])
  File &quot;./000179&quot;, line 25, in dfs
    dfs(x + dx[i], y + dy[i])
  File &quot;./000179&quot;, line 25, in dfs
    dfs(x + dx[i], y + dy[i])
  File &quot;./000179&quot;, line 25, in dfs
    dfs(x + dx[i], y + dy[i])
  File &quot;./000179&quot;, line 25, in dfs
    dfs(x + dx[i], y + dy[i])
  File &quot;./000179&quot;, line 25, in dfs
    dfs(x + dx[i], y + dy[i])
  File &quot;./000179&quot;, line 25, in dfs
    dfs(x + dx[i], y + dy[i])
  File &quot;./000179&quot;, line 25, in dfs
    dfs(x + dx[i], y + dy[i])
  File &quot;./000179&quot;, line 25, in dfs
    dfs(x + dx[i], y + dy[i])
  File &quot;./000179&quot;, line 25, in dfs
    dfs(x + dx[i], y + dy[i])
  File &quot;./000179&quot;, line 25, in dfs
    dfs(x + dx[i], y + dy[i])
  File &quot;./000179&quot;, line 25, in dfs
    dfs(x + dx[i], y + dy[i])
  File &quot;./000179&quot;, line 25, in dfs
    dfs(x + dx[i], y + dy[i])
  File &quot;./000179&quot;, line 25, in dfs
    dfs(x + dx[i], y + dy[i])
  File &quot;./000179&quot;, line 25, in dfs
    dfs(x + dx[i], y + dy[i])
  File &quot;./000179&quot;, line 25, in dfs
    dfs(x + dx[i], y + dy[i])
  File &quot;./000179&quot;, line 25, in dfs
    dfs(x + dx[i], y + dy[i])
  File &quot;./000179&quot;, line 25, in dfs
    dfs(x + dx[i], y + dy[i])
  File &quot;./000179&quot;, line 25, in dfs
    dfs(x + dx[i], y + dy[i])
  File &quot;./000179&quot;, line 25, in dfs
    dfs(x + dx[i], y + dy[i])
  File &quot;./000179&quot;, line 25, in dfs
    dfs(x + dx[i], y + dy[i])
  File &quot;./000179&quot;, line 25, in dfs
    dfs(x + dx[i], y + dy[i])
  File &quot;./000179&quot;, line 25, in dfs
    dfs(x + dx[i], y + dy[i])
  File &quot;./000179&quot;, line 25, in dfs
    dfs(x + dx[i], y + dy[i])
  File &quot;./000179&quot;, line 25, in dfs
    dfs(x + dx[i], y + dy[i])
  File &quot;./000179&quot;, line 25, in dfs
    dfs(x + dx[i], y + dy[i])
  File &quot;./000179&quot;, line 25, in dfs
    dfs(x + dx[i], y + dy[i])
  File &quot;./000179&quot;, line 25, in dfs
    dfs(x + dx[i], y + dy[i])
  File &quot;./000179&quot;, line 25, in dfs
    dfs(x + dx[i], y + dy[i])
  File &quot;./000179&quot;, line 25, in dfs
    dfs(x + dx[i], y + dy[i])
  File &quot;./000179&quot;, line 25, in dfs
    dfs(x + dx[i], y + dy[i])
  File &quot;./000179&quot;, line 25, in dfs
    dfs(x + dx[i], y + dy[i])
  File &quot;./000179&quot;, line 25, in dfs
    dfs(x + dx[i], y + dy[i])
  File &quot;./000179&quot;, line 25, in dfs
    dfs(x + dx[i], y + dy[i])
  File &quot;./000179&quot;, line 25, in dfs
    dfs(x + dx[i], y + dy[i])
  File &quot;./000179&quot;, line 25, in dfs
    dfs(x + dx[i], y + dy[i])
  File &quot;./000179&quot;, line 25, in dfs
    dfs(x + dx[i], y + dy[i])
  File &quot;./000179&quot;, line 25, in dfs
    dfs(x + dx[i], y + dy[i])
  File &quot;./000179&quot;, line 25, in dfs
    dfs(x + dx[i], y + dy[i])
  File &quot;./000179&quot;, line 25, in dfs
    dfs(x + dx[i], y + dy[i])
  File &quot;./000179&quot;, line 25, in dfs
    dfs(x + dx[i], y + dy[i])
  File &quot;./000179&quot;, line 25, in dfs
    dfs(x + dx[i], y + dy[i])
  File &quot;./000179&quot;, line 25, in dfs
    dfs(x + dx[i], y + dy[i])
  File &quot;./000179&quot;, line 25, in dfs
    dfs(x + dx[i], y + dy[i])
  File &quot;./000179&quot;, line 25, in dfs
    dfs(x + dx[i], y + dy[i])
  File &quot;./000179&quot;, line 25, in dfs
    dfs(x + dx[i], y + dy[i])
  File &quot;./000179&quot;, line 25, in dfs
    dfs(x + dx[i], y + dy[i])
  File &quot;./000179&quot;, line 25, in dfs
    dfs(x + dx[i], y + dy[i])
  File &quot;./000179&quot;, line 25, in dfs
    dfs(x + dx[i], y + dy[i])
  File &quot;./000179&quot;, line 25, in dfs
    dfs(x + dx[i], y + dy[i])
  File &quot;./000179&quot;, line 25, in dfs
    dfs(x + dx[i], y + dy[i])
  File &quot;./000179&quot;, line 25, in dfs
    dfs(x + dx[i], y + dy[i])
  File &quot;./000179&quot;, line 25, in dfs
    dfs(x + dx[i], y + dy[i])
  File &quot;./000179&quot;, line 25, in dfs
    dfs(x + dx[i], y + dy[i])
  File &quot;./000179&quot;, line 25, in dfs
    dfs(x + dx[i], y + dy[i])
  File &quot;./000179&quot;, line 25, in dfs
    dfs(x + dx[i], y + dy[i])
  File &quot;./000179&quot;, line 25, in dfs
    dfs(x + dx[i], y + dy[i])
  File &quot;./000179&quot;, line 25, in dfs
    dfs(x + dx[i], y + dy[i])
  File &quot;./000179&quot;, line 25, in dfs
    dfs(x + dx[i], y + dy[i])
  File &quot;./000179&quot;, line 25, in dfs
    dfs(x + dx[i], y + dy[i])
  File &quot;./000179&quot;, line 25, in dfs
    dfs(x + dx[i], y + dy[i])
  File &quot;./000179&quot;, line 25, in dfs
    dfs(x + dx[i], y + dy[i])
  File &quot;./000179&quot;, line 25, in dfs
    dfs(x + dx[i], y + dy[i])
  File &quot;./000179&quot;, line 25, in dfs
    dfs(x + dx[i], y + dy[i])
  File &quot;./000179&quot;, line 25, in dfs
    dfs(x + dx[i], y + dy[i])
  File &quot;./000179&quot;, line 25, in dfs
    dfs(x + dx[i], y + dy[i])
  File &quot;./000179&quot;, line 25, in dfs
    dfs(x + dx[i], y + dy[i])
  File &quot;./000179&quot;, line 25, in dfs
    dfs(x + dx[i], y + dy[i])
  File &quot;./000179&quot;, line 25, in dfs
    dfs(x + dx[i], y + dy[i])
  File &quot;./000179&quot;, line 25, in dfs
    dfs(x + dx[i], y + dy[i])
  File &quot;./000179&quot;, line 25, in dfs
    dfs(x + dx[i], y + dy[i])
  File &quot;./000179&quot;, line 25, in dfs
    dfs(x + dx[i], y + dy[i])
  File &quot;./000179&quot;, line 25, in dfs
    dfs(x + dx[i], y + dy[i])
  File &quot;./000179&quot;, line 25, in dfs
    dfs(x + dx[i], y + dy[i])
  File &quot;./000179&quot;, line 25, in dfs
    dfs(x + dx[i], y + dy[i])
  File &quot;./000179&quot;, line 25, in dfs
    dfs(x + dx[i], y + dy[i])
  File &quot;./000179&quot;, line 25, in dfs
    dfs(x + dx[i], y + dy[i])
  File &quot;./000179&quot;, line 25, in dfs
    dfs(x + dx[i], y + dy[i])
  File &quot;./000179&quot;, line 25, in dfs
    dfs(x + dx[i], y + dy[i])
  File &quot;./000179&quot;, line 25, in dfs
    dfs(x + dx[i], y + dy[i])
  File &quot;./000179&quot;, line 25, in dfs
    dfs(x + dx[i], y + dy[i])
  File &quot;./000179&quot;, line 25, in dfs
    dfs(x + dx[i], y + dy[i])
  File &quot;./000179&quot;, line 25, in dfs
    dfs(x + dx[i], y + dy[i])
  File &quot;./000179&quot;, line 25, in dfs
    dfs(x + dx[i], y + dy[i])
  File &quot;./000179&quot;, line 25, in dfs
    dfs(x + dx[i], y + dy[i])
  File &quot;./000179&quot;, line 25, in dfs
    dfs(x + dx[i], y + dy[i])
  File &quot;./000179&quot;, line 25, in dfs
    dfs(x + dx[i], y + dy[i])
  File &quot;./000179&quot;, line 25, in dfs
    dfs(x + dx[i], y + dy[i])
  File &quot;./000179&quot;, line 25, in dfs
    dfs(x + dx[i], y + dy[i])
  File &quot;./000179&quot;, line 25, in dfs
    dfs(x + dx[i], y + dy[i])
  File &quot;./000179&quot;, line 25, in dfs
    dfs(x + dx[i], y + dy[i])
  File &quot;./000179&quot;, line 25, in dfs
    dfs(x + dx[i], y + dy[i])
  File &quot;./000179&quot;, line 25, in dfs
    dfs(x + dx[i], y + dy[i])
  File &quot;./000179&quot;, line 25, in dfs
    dfs(x + dx[i], y + dy[i])
  File &quot;./000179&quot;, line 25, in dfs
    dfs(x + dx[i], y + dy[i])
  File &quot;./000179&quot;, line 25, in dfs
    dfs(x + dx[i], y + dy[i])
  File &quot;./000179&quot;, line 25, in dfs
    dfs(x + dx[i], y + dy[i])
  File &quot;./000179&quot;, line 25, in dfs
    dfs(x + dx[i], y + dy[i])
  File &quot;./000179&quot;, line 25, in dfs
    dfs(x + dx[i], y + dy[i])
  File &quot;./000179&quot;, line 25, in dfs
    dfs(x + dx[i], y + dy[i])
  File &quot;./000179&quot;, line 25, in dfs
    dfs(x + dx[i], y + dy[i])
  File &quot;./000179&quot;, line 25, in dfs
    dfs(x + dx[i], y + dy[i])
  File &quot;./000179&quot;, line 25, in dfs
    dfs(x + dx[i], y + dy[i])
  File &quot;./000179&quot;, line 25, in dfs
    dfs(x + dx[i], y + dy[i])
  File &quot;./000179&quot;, line 25, in dfs
    dfs(x + dx[i], y + dy[i])
  File &quot;./000179&quot;, line 25, in dfs
    dfs(x + dx[i], y + dy[i])
  File &quot;./000179&quot;, line 25, in dfs
    dfs(x + dx[i], y + dy[i])
  File &quot;./000179&quot;, line 25, in dfs
    dfs(x + dx[i], y + dy[i])
  File &quot;./000179&quot;, line 25, in dfs
    dfs(x + dx[i], y + dy[i])
  File &quot;./000179&quot;, line 25, in dfs
    dfs(x + dx[i], y + dy[i])
  File &quot;./000179&quot;, line 25, in dfs
    dfs(x + dx[i], y + dy[i])
  File &quot;./000179&quot;, line 25, in dfs
    dfs(x + dx[i], y + dy[i])
  File &quot;./000179&quot;, line 25, in dfs
    dfs(x + dx[i], y + dy[i])
  File &quot;./000179&quot;, line 25, in dfs
    dfs(x + dx[i], y + dy[i])
  File &quot;./000179&quot;, line 25, in dfs
    dfs(x + dx[i], y + dy[i])
  File &quot;./000179&quot;, line 25, in dfs
    dfs(x + dx[i], y + dy[i])
  File &quot;./000179&quot;, line 25, in dfs
    dfs(x + dx[i], y + dy[i])
  File &quot;./000179&quot;, line 25, in dfs
    dfs(x + dx[i], y + dy[i])
  File &quot;./000179&quot;, line 25, in dfs
    dfs(x + dx[i], y + dy[i])
  File &quot;./000179&quot;, line 25, in dfs
    dfs(x + dx[i], y + dy[i])
  File &quot;./000179&quot;, line 25, in dfs
    dfs(x + dx[i], y + dy[i])
  File &quot;./000179&quot;, line 25, in dfs
    dfs(x + dx[i], y + dy[i])
  File &quot;./000179&quot;, line 25, in dfs
    dfs(x + dx[i], y + dy[i])
  File &quot;./000179&quot;, line 25, in dfs
    dfs(x + dx[i], y + dy[i])
  File &quot;./000179&quot;, line 25, in dfs
    dfs(x + dx[i], y + dy[i])
  File &quot;./000179&quot;, line 25, in dfs
    dfs(x + dx[i], y + dy[i])
  File &quot;./000179&quot;, line 25, in dfs
    dfs(x + dx[i], y + dy[i])
  File &quot;./000179&quot;, line 25, in dfs
    dfs(x + dx[i], y + dy[i])
  File &quot;./000179&quot;, line 25, in dfs
    dfs(x + dx[i], y + dy[i])
  File &quot;./000179&quot;, line 25, in dfs
    dfs(x + dx[i], y + dy[i])
  File &quot;./000179&quot;, line 25, in dfs
    dfs(x + dx[i], y + dy[i])
  File &quot;./000179&quot;, line 25, in dfs
    dfs(x + dx[i], y + dy[i])
  File &quot;./000179&quot;, line 25, in dfs
    dfs(x + dx[i], y + dy[i])
  File &quot;./000179&quot;, line 25, in dfs
    dfs(x + dx[i], y + dy[i])
  File &quot;./000179&quot;, line 25, in dfs
    dfs(x + dx[i], y + dy[i])
  File &quot;./000179&quot;, line 25, in dfs
    dfs(x + dx[i], y + dy[i])
  File &quot;./000179&quot;, line 25, in dfs
    dfs(x + dx[i], y + dy[i])
  File &quot;./000179&quot;, line 25, in dfs
    dfs(x + dx[i], y + dy[i])
  File &quot;./000179&quot;, line 25, in dfs
    dfs(x + dx[i], y + dy[i])
  File &quot;./000179&quot;, line 25, in dfs
    dfs(x + dx[i], y + dy[i])
  File &quot;./000179&quot;, line 25, in dfs
    dfs(x + dx[i], y + dy[i])
  File &quot;./000179&quot;, line 25, in dfs
    dfs(x + dx[i], y + dy[i])
  File &quot;./000179&quot;, line 25, in dfs
    dfs(x + dx[i], y + dy[i])
  File &quot;./000179&quot;, line 25, in dfs
    dfs(x + dx[i], y + dy[i])
  File &quot;./000179&quot;, line 25, in dfs
    dfs(x + dx[i], y + dy[i])
  File &quot;./000179&quot;, line 25, in dfs
    dfs(x + dx[i], y + dy[i])
  File &quot;./000179&quot;, line 25, in dfs
    dfs(x + dx[i], y + dy[i])
  File &quot;./000179&quot;, line 25, in dfs
    dfs(x + dx[i], y + dy[i])
  File &quot;./000179&quot;, line 25, in dfs
    dfs(x + dx[i], y + dy[i])
  File &quot;./000179&quot;, line 25, in dfs
    dfs(x + dx[i], y + dy[i])
  File &quot;./000179&quot;, line 25, in dfs
    dfs(x + dx[i], y + dy[i])
  File &quot;./000179&quot;, line 25, in dfs
    dfs(x + dx[i], y + dy[i])
  File &quot;./000179&quot;, line 25, in dfs
    dfs(x + dx[i], y + dy[i])
  File &quot;./000179&quot;, line 25, in dfs
    dfs(x + dx[i], y + dy[i])
  File &quot;./000179&quot;, line 25, in dfs
    dfs(x + dx[i], y + dy[i])
  File &quot;./000179&quot;, line 25, in dfs
    dfs(x + dx[i], y + dy[i])
  File &quot;./000179&quot;, line 25, in dfs
    dfs(x + dx[i], y + dy[i])
  File &quot;./000179&quot;, line 25, in dfs
    dfs(x + dx[i], y + dy[i])
  File &quot;./000179&quot;, line 25, in dfs
    dfs(x + dx[i], y + dy[i])
  File &quot;./000179&quot;, line 25, in dfs
    dfs(x + dx[i], y + dy[i])
  File &quot;./000179&quot;, line 25, in dfs
    dfs(x + dx[i], y + dy[i])
  File &quot;./000179&quot;, line 25, in dfs
    dfs(x + dx[i], y + dy[i])
  File &quot;./000179&quot;, line 25, in dfs
    dfs(x + dx[i], y + dy[i])
  File &quot;./000179&quot;, line 25, in dfs
    dfs(x + dx[i], y + dy[i])
  File &quot;./000179&quot;, line 25, in dfs
    dfs(x + dx[i], y + dy[i])
  File &quot;./000179&quot;, line 25, in dfs
    dfs(x + dx[i], y + dy[i])
  File &quot;./000179&quot;, line 25, in dfs
    dfs(x + dx[i], y + dy[i])
  File &quot;./000179&quot;, line 25, in dfs
    dfs(x + dx[i], y + dy[i])
  File &quot;./000179&quot;, line 25, in dfs
    dfs(x + dx[i], y + dy[i])
  File &quot;./000179&quot;, line 25, in dfs
    dfs(x + dx[i], y + dy[i])
  File &quot;./000179&quot;, line 25, in dfs
    dfs(x + dx[i], y + dy[i])
  File &quot;./000179&quot;, line 25, in dfs
    dfs(x + dx[i], y + dy[i])
  File &quot;./000179&quot;, line 25, in dfs
    dfs(x + dx[i], y + dy[i])
  File &quot;./000179&quot;, line 25, in dfs
    dfs(x + dx[i], y + dy[i])
  File &quot;./000179&quot;, line 25, in dfs
    dfs(x + dx[i], y + dy[i])
  File &quot;./000179&quot;, line 25, in dfs
    dfs(x + dx[i], y + dy[i])
  File &quot;./000179&quot;, line 25, in dfs
    dfs(x + dx[i], y + dy[i])
  File &quot;./000179&quot;, line 25, in dfs
    dfs(x + dx[i], y + dy[i])
  File &quot;./000179&quot;, line 25, in dfs
    dfs(x + dx[i], y + dy[i])
  File &quot;./000179&quot;, line 25, in dfs
    dfs(x + dx[i], y + dy[i])
  File &quot;./000179&quot;, line 25, in dfs
    dfs(x + dx[i], y + dy[i])
  File &quot;./000179&quot;, line 25, in dfs
    dfs(x + dx[i], y + dy[i])
  File &quot;./000179&quot;, line 25, in dfs
    dfs(x + dx[i], y + dy[i])
  File &quot;./000179&quot;, line 25, in dfs
    dfs(x + dx[i], y + dy[i])
  File &quot;./000179&quot;, line 25, in dfs
    dfs(x + dx[i], y + dy[i])
  File &quot;./000179&quot;, line 25, in dfs
    dfs(x + dx[i], y + dy[i])
  File &quot;./000179&quot;, line 25, in dfs
    dfs(x + dx[i], y + dy[i])
  File &quot;./000179&quot;, line 25, in dfs
    dfs(x + dx[i], y + dy[i])
  File &quot;./000179&quot;, line 25, in dfs
    dfs(x + dx[i], y + dy[i])
  File &quot;./000179&quot;, line 25, in dfs
    dfs(x + dx[i], y + dy[i])
  File &quot;./000179&quot;, line 25, in dfs
    dfs(x + dx[i], y + dy[i])
  File &quot;./000179&quot;, line 25, in dfs
    dfs(x + dx[i], y + dy[i])
  File &quot;./000179&quot;, line 25, in dfs
    dfs(x + dx[i], y + dy[i])
  File &quot;./000179&quot;, line 25, in dfs
    dfs(x + dx[i], y + dy[i])
  File &quot;./000179&quot;, line 25, in dfs
    dfs(x + dx[i], y + dy[i])
  File &quot;./000179&quot;, line 25, in dfs
    dfs(x + dx[i], y + dy[i])
  File &quot;./000179&quot;, line 25, in dfs
    dfs(x + dx[i], y + dy[i])
  File &quot;./000179&quot;, line 25, in dfs
    dfs(x + dx[i], y + dy[i])
  File &quot;./000179&quot;, line 25, in dfs
    dfs(x + dx[i], y + dy[i])
  File &quot;./000179&quot;, line 25, in dfs
    dfs(x + dx[i], y + dy[i])
  File &quot;./000179&quot;, line 25, in dfs
    dfs(x + dx[i], y + dy[i])
  File &quot;./000179&quot;, line 25, in dfs
    dfs(x + dx[i], y + dy[i])
  File &quot;./000179&quot;, line 25, in dfs
    dfs(x + dx[i], y + dy[i])
  File &quot;./000179&quot;, line 25, in dfs
    dfs(x + dx[i], y + dy[i])
  File &quot;./000179&quot;, line 25, in dfs
    dfs(x + dx[i], y + dy[i])
  File &quot;./000179&quot;, line 25, in dfs
    dfs(x + dx[i], y + dy[i])
  File &quot;./000179&quot;, line 25, in dfs
    dfs(x + dx[i], y + dy[i])
  File &quot;./000179&quot;, line 25, in dfs
    dfs(x + dx[i], y + dy[i])
  File &quot;./000179&quot;, line 25, in dfs
    dfs(x + dx[i], y + dy[i])
  File &quot;./000179&quot;, line 25, in dfs
    dfs(x + dx[i], y + dy[i])
  File &quot;./000179&quot;, line 25, in dfs
    dfs(x + dx[i], y + dy[i])
  File &quot;./000179&quot;, line 25, in dfs
    dfs(x + dx[i], y + dy[i])
  File &quot;./000179&quot;, line 25, in dfs
    dfs(x + dx[i], y + dy[i])
  File &quot;./000179&quot;, line 25, in dfs
    dfs(x + dx[i], y + dy[i])
  File &quot;./000179&quot;, line 25, in dfs
    dfs(x + dx[i], y + dy[i])
  File &quot;./000179&quot;, line 25, in dfs
    dfs(x + dx[i], y + dy[i])
  File &quot;./000179&quot;, line 25, in dfs
    dfs(x + dx[i], y + dy[i])
  File &quot;./000179&quot;, line 25, in dfs
    dfs(x + dx[i], y + dy[i])
  File &quot;./000179&quot;, line 25, in dfs
    dfs(x + dx[i], y + dy[i])
  File &quot;./000179&quot;, line 25, in dfs
    dfs(x + dx[i], y + dy[i])
  File &quot;./000179&quot;, line 25, in dfs
    dfs(x + dx[i], y + dy[i])
  File &quot;./000179&quot;, line 25, in dfs
    dfs(x + dx[i], y + dy[i])
  File &quot;./000179&quot;, line 25, in dfs
    dfs(x + dx[i], y + dy[i])
  File &quot;./000179&quot;, line 25, in dfs
    dfs(x + dx[i], y + dy[i])
  File &quot;./000179&quot;, line 25, in dfs
    dfs(x + dx[i], y + dy[i])
  File &quot;./000179&quot;, line 25, in dfs
    dfs(x + dx[i], y + dy[i])
  File &quot;./000179&quot;, line 25, in dfs
    dfs(x + dx[i], y + dy[i])
  File &quot;./000179&quot;, line 25, in dfs
    dfs(x + dx[i], y + dy[i])
  File &quot;./000179&quot;, line 25, in dfs
    dfs(x + dx[i], y + dy[i])
  File &quot;./000179&quot;, line 25, in dfs
    dfs(x + dx[i], y + dy[i])
  File &quot;./000179&quot;, line 25, in dfs
    dfs(x + dx[i], y + dy[i])
  File &quot;./000179&quot;, line 25, in dfs
    dfs(x + dx[i], y + dy[i])
  File &quot;./000179&quot;, line 25, in dfs
    dfs(x + dx[i], y + dy[i])
  File &quot;./000179&quot;, line 25, in dfs
    dfs(x + dx[i], y + dy[i])
  File &quot;./000179&quot;, line 25, in dfs
    dfs(x + dx[i], y + dy[i])
  File &quot;./000179&quot;, line 25, in dfs
    dfs(x + dx[i], y + dy[i])
  File &quot;./000179&quot;, line 25, in dfs
    dfs(x + dx[i], y + dy[i])
  File &quot;./000179&quot;, line 25, in dfs
    dfs(x + dx[i], y + dy[i])
  File &quot;./000179&quot;, line 25, in dfs
    dfs(x + dx[i], y + dy[i])
  File &quot;./000179&quot;, line 25, in dfs
    dfs(x + dx[i], y + dy[i])
  File &quot;./000179&quot;, line 25, in dfs
    dfs(x + dx[i], y + dy[i])
  File &quot;./000179&quot;, line 25, in dfs
    dfs(x + dx[i], y + dy[i])
  File &quot;./000179&quot;, line 25, in dfs
    dfs(x + dx[i], y + dy[i])
  File &quot;./000179&quot;, line 25, in dfs
    dfs(x + dx[i], y + dy[i])
  File &quot;./000179&quot;, line 25, in dfs
    dfs(x + dx[i], y + dy[i])
  File &quot;./000179&quot;, line 25, in dfs
    dfs(x + dx[i], y + dy[i])
  File &quot;./000179&quot;, line 25, in dfs
    dfs(x + dx[i], y + dy[i])
  File &quot;./000179&quot;, line 25, in dfs
    dfs(x + dx[i], y + dy[i])
  File &quot;./000179&quot;, line 25, in dfs
    dfs(x + dx[i], y + dy[i])
  File &quot;./000179&quot;, line 25, in dfs
    dfs(x + dx[i], y + dy[i])
  File &quot;./000179&quot;, line 25, in dfs
    dfs(x + dx[i], y + dy[i])
  File &quot;./000179&quot;, line 25, in dfs
    dfs(x + dx[i], y + dy[i])
  File &quot;./000179&quot;, line 25, in dfs
    dfs(x + dx[i], y + dy[i])
  File &quot;./000179&quot;, line 25, in dfs
    dfs(x + dx[i], y + dy[i])
  File &quot;./000179&quot;, line 25, in dfs
    dfs(x + dx[i], y + dy[i])
  File &quot;./000179&quot;, line 25, in dfs
    dfs(x + dx[i], y + dy[i])
  File &quot;./000179&quot;, line 25, in dfs
    dfs(x + dx[i], y + dy[i])
  File &quot;./000179&quot;, line 25, in dfs
    dfs(x + dx[i], y + dy[i])
  File &quot;./000179&quot;, line 25, in dfs
    dfs(x + dx[i], y + dy[i])
  File &quot;./000179&quot;, line 25, in dfs
    dfs(x + dx[i], y + dy[i])
  File &quot;./000179&quot;, line 25, in dfs
    dfs(x + dx[i], y + dy[i])
  File &quot;./000179&quot;, line 25, in dfs
    dfs(x + dx[i], y + dy[i])
  File &quot;./000179&quot;, line 25, in dfs
    dfs(x + dx[i], y + dy[i])
  File &quot;./000179&quot;, line 25, in dfs
    dfs(x + dx[i], y + dy[i])
  File &quot;./000179&quot;, line 25, in dfs
    dfs(x + dx[i], y + dy[i])
  File &quot;./000179&quot;, line 25, in dfs
    dfs(x + dx[i], y + dy[i])
  File &quot;./000179&quot;, line 25, in dfs
    dfs(x + dx[i], y + dy[i])
  File &quot;./000179&quot;, line 25, in dfs
    dfs(x + dx[i], y + dy[i])
  File &quot;./000179&quot;, line 25, in dfs
    dfs(x + dx[i], y + dy[i])
  File &quot;./000179&quot;, line 25, in dfs
    dfs(x + dx[i], y + dy[i])
  File &quot;./000179&quot;, line 25, in dfs
    dfs(x + dx[i], y + dy[i])
  File &quot;./000179&quot;, line 25, in dfs
    dfs(x + dx[i], y + dy[i])
  File &quot;./000179&quot;, line 25, in dfs
    dfs(x + dx[i], y + dy[i])
  File &quot;./000179&quot;, line 25, in dfs
    dfs(x + dx[i], y + dy[i])
  File &quot;./000179&quot;, line 25, in dfs
    dfs(x + dx[i], y + dy[i])
  File &quot;./000179&quot;, line 25, in dfs
    dfs(x + dx[i], y + dy[i])
  File &quot;./000179&quot;, line 25, in dfs
    dfs(x + dx[i], y + dy[i])
  File &quot;./000179&quot;, line 25, in dfs
    dfs(x + dx[i], y + dy[i])
  File &quot;./000179&quot;, line 25, in dfs
    dfs(x + dx[i], y + dy[i])
  File &quot;./000179&quot;, line 25, in dfs
    dfs(x + dx[i], y + dy[i])
  File &quot;./000179&quot;, line 25, in dfs
    dfs(x + dx[i], y + dy[i])
  File &quot;./000179&quot;, line 25, in dfs
    dfs(x + dx[i], y + dy[i])
  File &quot;./000179&quot;, line 25, in dfs
    dfs(x + dx[i], y + dy[i])
  File &quot;./000179&quot;, line 25, in dfs
    dfs(x + dx[i], y + dy[i])
  File &quot;./000179&quot;, line 25, in dfs
    dfs(x + dx[i], y + dy[i])
  File &quot;./000179&quot;, line 25, in dfs
    dfs(x + dx[i], y + dy[i])
  File &quot;./000179&quot;, line 25, in dfs
    dfs(x + dx[i], y + dy[i])
  File &quot;./000179&quot;, line 25, in dfs
    dfs(x + dx[i], y + dy[i])
  File &quot;./000179&quot;, line 25, in dfs
    dfs(x + dx[i], y + dy[i])
  File &quot;./000179&quot;, line 25, in dfs
    dfs(x + dx[i], y + dy[i])
  File &quot;./000179&quot;, line 25, in dfs
    dfs(x + dx[i], y + dy[i])
  File &quot;./000179&quot;, line 25, in dfs
    dfs(x + dx[i], y + dy[i])
  File &quot;./000179&quot;, line 25, in dfs
    dfs(x + dx[i], y + dy[i])
  File &quot;./000179&quot;, line 25, in dfs
    dfs(x + dx[i], y + dy[i])
  File &quot;./000179&quot;, line 25, in dfs
    dfs(x + dx[i], y + dy[i])
  File &quot;./000179&quot;, line 25, in dfs
    dfs(x + dx[i], y + dy[i])
  File &quot;./000179&quot;, line 25, in dfs
    dfs(x + dx[i], y + dy[i])
  File &quot;./000179&quot;, line 25, in dfs
    dfs(x + dx[i], y + dy[i])
  File &quot;./000179&quot;, line 25, in dfs
    dfs(x + dx[i], y + dy[i])
  File &quot;./000179&quot;, line 25, in dfs
    dfs(x + dx[i], y + dy[i])
  File &quot;./000179&quot;, line 25, in dfs
    dfs(x + dx[i], y + dy[i])
  File &quot;./000179&quot;, line 25, in dfs
    dfs(x + dx[i], y + dy[i])
  File &quot;./000179&quot;, line 25, in dfs
    dfs(x + dx[i], y + dy[i])
  File &quot;./000179&quot;, line 25, in dfs
    dfs(x + dx[i], y + dy[i])
  File &quot;./000179&quot;, line 25, in dfs
    dfs(x + dx[i], y + dy[i])
  File &quot;./000179&quot;, line 25, in dfs
    dfs(x + dx[i], y + dy[i])
  File &quot;./000179&quot;, line 25, in dfs
    dfs(x + dx[i], y + dy[i])
  File &quot;./000179&quot;, line 25, in dfs
    dfs(x + dx[i], y + dy[i])
  File &quot;./000179&quot;, line 25, in dfs
    dfs(x + dx[i], y + dy[i])
  File &quot;./000179&quot;, line 25, in dfs
    dfs(x + dx[i], y + dy[i])
  File &quot;./000179&quot;, line 25, in dfs
    dfs(x + dx[i], y + dy[i])
  File &quot;./000179&quot;, line 25, in dfs
    dfs(x + dx[i], y + dy[i])
  File &quot;./000179&quot;, line 25, in dfs
    dfs(x + dx[i], y + dy[i])
  File &quot;./000179&quot;, line 25, in dfs
    dfs(x + dx[i], y + dy[i])
  File &quot;./000179&quot;, line 25, in dfs
    dfs(x + dx[i], y + dy[i])
  File &quot;./000179&quot;, line 25, in dfs
    dfs(x + dx[i], y + dy[i])
  File &quot;./000179&quot;, line 25, in dfs
    dfs(x + dx[i], y + dy[i])
  File &quot;./000179&quot;, line 25, in dfs
    dfs(x + dx[i], y + dy[i])
  File &quot;./000179&quot;, line 25, in dfs
    dfs(x + dx[i], y + dy[i])
  File &quot;./000179&quot;, line 25, in dfs
    dfs(x + dx[i], y + dy[i])
  File &quot;./000179&quot;, line 25, in dfs
    dfs(x + dx[i], y + dy[i])
  File &quot;./000179&quot;, line 25, in dfs
    dfs(x + dx[i], y + dy[i])
  File &quot;./000179&quot;, line 25, in dfs
    dfs(x + dx[i], y + dy[i])
  File &quot;./000179&quot;, line 25, in dfs
    dfs(x + dx[i], y + dy[i])
  File &quot;./000179&quot;, line 25, in dfs
    dfs(x + dx[i], y + dy[i])
  File &quot;./000179&quot;, line 25, in dfs
    dfs(x + dx[i], y + dy[i])
  File &quot;./000179&quot;, line 25, in dfs
    dfs(x + dx[i], y + dy[i])
  File &quot;./000179&quot;, line 25, in dfs
    dfs(x + dx[i], y + dy[i])
  File &quot;./000179&quot;, line 25, in dfs
    dfs(x + dx[i], y + dy[i])
  File &quot;./000179&quot;, line 25, in dfs
    dfs(x + dx[i], y + dy[i])
  File &quot;./000179&quot;, line 25, in dfs
    dfs(x + dx[i], y + dy[i])
  File &quot;./000179&quot;, line 25, in dfs
    dfs(x + dx[i], y + dy[i])
  File &quot;./000179&quot;, line 25, in dfs
    dfs(x + dx[i], y + dy[i])
  File &quot;./000179&quot;, line 25, in dfs
    dfs(x + dx[i], y + dy[i])
  File &quot;./000179&quot;, line 25, in dfs
    dfs(x + dx[i], y + dy[i])
  File &quot;./000179&quot;, line 25, in dfs
    dfs(x + dx[i], y + dy[i])
  File &quot;./000179&quot;, line 25, in dfs
    dfs(x + dx[i], y + dy[i])
  File &quot;./000179&quot;, line 25, in dfs
    dfs(x + dx[i], y + dy[i])
  File &quot;./000179&quot;, line 25, in dfs
    dfs(x + dx[i], y + dy[i])
  File &quot;./000179&quot;, line 25, in dfs
    dfs(x + dx[i], y + dy[i])
  File &quot;./000179&quot;, line 25, in dfs
    dfs(x + dx[i], y + dy[i])
  File &quot;./000179&quot;, line 25, in dfs
    dfs(x + dx[i], y + dy[i])
  File &quot;./000179&quot;, line 25, in dfs
    dfs(x + dx[i], y + dy[i])
  File &quot;./000179&quot;, line 25, in dfs
    dfs(x + dx[i], y + dy[i])
  File &quot;./000179&quot;, line 25, in dfs
    dfs(x + dx[i], y + dy[i])
  File &quot;./000179&quot;, line 25, in dfs
    dfs(x + dx[i], y + dy[i])
  File &quot;./000179&quot;, line 25, in dfs
    dfs(x + dx[i], y + dy[i])
  File &quot;./000179&quot;, line 25, in dfs
    dfs(x + dx[i], y + dy[i])
  File &quot;./000179&quot;, line 25, in dfs
    dfs(x + dx[i], y + dy[i])
  File &quot;./000179&quot;, line 25, in dfs
    dfs(x + dx[i], y + dy[i])
  File &quot;./000179&quot;, line 25, in dfs
    dfs(x + dx[i], y + dy[i])
  File &quot;./000179&quot;, line 25, in dfs
    dfs(x + dx[i], y + dy[i])
  File &quot;./000179&quot;, line 25, in dfs
    dfs(x + dx[i], y + dy[i])
  File &quot;./000179&quot;, line 25, in dfs
    dfs(x + dx[i], y + dy[i])
  File &quot;./000179&quot;, line 25, in dfs
    dfs(x + dx[i], y + dy[i])
  File &quot;./000179&quot;, line 25, in dfs
    dfs(x + dx[i], y + dy[i])
  File &quot;./000179&quot;, line 25, in dfs
    dfs(x + dx[i], y + dy[i])
  File &quot;./000179&quot;, line 25, in dfs
    dfs(x + dx[i], y + dy[i])
  File &quot;./000179&quot;, line 25, in dfs
    dfs(x + dx[i], y + dy[i])
  File &quot;./000179&quot;, line 25, in dfs
    dfs(x + dx[i], y + dy[i])
  File &quot;./000179&quot;, line 25, in dfs
    dfs(x + dx[i], y + dy[i])
  File &quot;./000179&quot;, line 25, in dfs
    dfs(x + dx[i], y + dy[i])
  File &quot;./000179&quot;, line 25, in dfs
    dfs(x + dx[i], y + dy[i])
  File &quot;./000179&quot;, line 25, in dfs
    dfs(x + dx[i], y + dy[i])
  File &quot;./000179&quot;, line 25, in dfs
    dfs(x + dx[i], y + dy[i])
  File &quot;./000179&quot;, line 25, in dfs
    dfs(x + dx[i], y + dy[i])
  File &quot;./000179&quot;, line 25, in dfs
    dfs(x + dx[i], y + dy[i])
  File &quot;./000179&quot;, line 25, in dfs
    dfs(x + dx[i], y + dy[i])
  File &quot;./000179&quot;, line 25, in dfs
    dfs(x + dx[i], y + dy[i])
  File &quot;./000179&quot;, line 25, in dfs
    dfs(x + dx[i], y + dy[i])
  File &quot;./000179&quot;, line 25, in dfs
    dfs(x + dx[i], y + dy[i])
  File &quot;./000179&quot;, line 25, in dfs
    dfs(x + dx[i], y + dy[i])
  File &quot;./000179&quot;, line 25, in dfs
    dfs(x + dx[i], y + dy[i])
  File &quot;./000179&quot;, line 25, in dfs
    dfs(x + dx[i], y + dy[i])
  File &quot;./000179&quot;, line 25, in dfs
    dfs(x + dx[i], y + dy[i])
  File &quot;./000179&quot;, line 25, in dfs
    dfs(x + dx[i], y + dy[i])
  File &quot;./000179&quot;, line 25, in dfs
    dfs(x + dx[i], y + dy[i])
  File &quot;./000179&quot;, line 25, in dfs
    dfs(x + dx[i], y + dy[i])
  File &quot;./000179&quot;, line 25, in dfs
    dfs(x + dx[i], y + dy[i])
  File &quot;./000179&quot;, line 25, in dfs
    dfs(x + dx[i], y + dy[i])
  File &quot;./000179&quot;, line 25, in dfs
    dfs(x + dx[i], y + dy[i])
  File &quot;./000179&quot;, line 25, in dfs
    dfs(x + dx[i], y + dy[i])
  File &quot;./000179&quot;, line 25, in dfs
    dfs(x + dx[i], y + dy[i])
  File &quot;./000179&quot;, line 25, in dfs
    dfs(x + dx[i], y + dy[i])
  File &quot;./000179&quot;, line 25, in dfs
    dfs(x + dx[i], y + dy[i])
  File &quot;./000179&quot;, line 25, in dfs
    dfs(x + dx[i], y + dy[i])
  File &quot;./000179&quot;, line 25, in dfs
    dfs(x + dx[i], y + dy[i])
  File &quot;./000179&quot;, line 25, in dfs
    dfs(x + dx[i], y + dy[i])
  File &quot;./000179&quot;, line 25, in dfs
    dfs(x + dx[i], y + dy[i])
  File &quot;./000179&quot;, line 25, in dfs
    dfs(x + dx[i], y + dy[i])
  File &quot;./000179&quot;, line 25, in dfs
    dfs(x + dx[i], y + dy[i])
  File &quot;./000179&quot;, line 25, in dfs
    dfs(x + dx[i], y + dy[i])
  File &quot;./000179&quot;, line 25, in dfs
    dfs(x + dx[i], y + dy[i])
  File &quot;./000179&quot;, line 25, in dfs
    dfs(x + dx[i], y + dy[i])
  File &quot;./000179&quot;, line 25, in dfs
    dfs(x + dx[i], y + dy[i])
  File &quot;./000179&quot;, line 25, in dfs
    dfs(x + dx[i], y + dy[i])
  File &quot;./000179&quot;, line 25, in dfs
    dfs(x + dx[i], y + dy[i])
  File &quot;./000179&quot;, line 25, in dfs
    dfs(x + dx[i], y + dy[i])
  File &quot;./000179&quot;, line 25, in dfs
    dfs(x + dx[i], y + dy[i])
  File &quot;./000179&quot;, line 25, in dfs
    dfs(x + dx[i], y + dy[i])
  File &quot;./000179&quot;, line 25, in dfs
    dfs(x + dx[i], y + dy[i])
  File &quot;./000179&quot;, line 25, in dfs
    dfs(x + dx[i], y + dy[i])
  File &quot;./000179&quot;, line 25, in dfs
    dfs(x + dx[i], y + dy[i])
  File &quot;./000179&quot;, line 25, in dfs
    dfs(x + dx[i], y + dy[i])
  File &quot;./000179&quot;, line 25, in dfs
    dfs(x + dx[i], y + dy[i])
  File &quot;./000179&quot;, line 25, in dfs
    dfs(x + dx[i], y + dy[i])
  File &quot;./000179&quot;, line 25, in dfs
    dfs(x + dx[i], y + dy[i])
  File &quot;./000179&quot;, line 25, in dfs
    dfs(x + dx[i], y + dy[i])
  File &quot;./000179&quot;, line 25, in dfs
    dfs(x + dx[i], y + dy[i])
  File &quot;./000179&quot;, line 25, in dfs
    dfs(x + dx[i], y + dy[i])
  File &quot;./000179&quot;, line 25, in dfs
    dfs(x + dx[i], y + dy[i])
  File &quot;./000179&quot;, line 25, in dfs
    dfs(x + dx[i], y + dy[i])
  File &quot;./000179&quot;, line 25, in dfs
    dfs(x + dx[i], y + dy[i])
  File &quot;./000179&quot;, line 25, in dfs
    dfs(x + dx[i], y + dy[i])
  File &quot;./000179&quot;, line 25, in dfs
    dfs(x + dx[i], y + dy[i])
  File &quot;./000179&quot;, line 25, in dfs
    dfs(x + dx[i], y + dy[i])
  File &quot;./000179&quot;, line 25, in dfs
    dfs(x + dx[i], y + dy[i])
  File &quot;./000179&quot;, line 25, in dfs
    dfs(x + dx[i], y + dy[i])
  File &quot;./000179&quot;, line 25, in dfs
    dfs(x + dx[i], y + dy[i])
  File &quot;./000179&quot;, line 25, in dfs
    dfs(x + dx[i], y + dy[i])
  File &quot;./000179&quot;, line 25, in dfs
    dfs(x + dx[i], y + dy[i])
  File &quot;./000179&quot;, line 25, in dfs
    dfs(x + dx[i], y + dy[i])
  File &quot;./000179&quot;, line 25, in dfs
    dfs(x + dx[i], y + dy[i])
  File &quot;./000179&quot;, line 25, in dfs
    dfs(x + dx[i], y + dy[i])
  File &quot;./000179&quot;, line 25, in dfs
    dfs(x + dx[i], y + dy[i])
  File &quot;./000179&quot;, line 25, in dfs
    dfs(x + dx[i], y + dy[i])
  File &quot;./000179&quot;, line 25, in dfs
    dfs(x + dx[i], y + dy[i])
  File &quot;./000179&quot;, line 25, in dfs
    dfs(x + dx[i], y + dy[i])
  File &quot;./000179&quot;, line 25, in dfs
    dfs(x + dx[i], y + dy[i])
  File &quot;./000179&quot;, line 25, in dfs
    dfs(x + dx[i], y + dy[i])
  File &quot;./000179&quot;, line 25, in dfs
    dfs(x + dx[i], y + dy[i])
  File &quot;./000179&quot;, line 25, in dfs
    dfs(x + dx[i], y + dy[i])
  File &quot;./000179&quot;, line 25, in dfs
    dfs(x + dx[i], y + dy[i])
  File &quot;./000179&quot;, line 25, in dfs
    dfs(x + dx[i], y + dy[i])
  File &quot;./000179&quot;, line 25, in dfs
    dfs(x + dx[i], y + dy[i])
  File &quot;./000179&quot;, line 25, in dfs
    dfs(x + dx[i], y + dy[i])
  File &quot;./000179&quot;, line 25, in dfs
    dfs(x + dx[i], y + dy[i])
  File &quot;./000179&quot;, line 25, in dfs
    dfs(x + dx[i], y + dy[i])
  File &quot;./000179&quot;, line 25, in dfs
    dfs(x + dx[i], y + dy[i])
  File &quot;./000179&quot;, line 25, in dfs
    dfs(x + dx[i], y + dy[i])
  File &quot;./000179&quot;, line 25, in dfs
    dfs(x + dx[i], y + dy[i])
  File &quot;./000179&quot;, line 25, in dfs
    dfs(x + dx[i], y + dy[i])
  File &quot;./000179&quot;, line 25, in dfs
    dfs(x + dx[i], y + dy[i])
  File &quot;./000179&quot;, line 25, in dfs
    dfs(x + dx[i], y + dy[i])
  File &quot;./000179&quot;, line 25, in dfs
    dfs(x + dx[i], y + dy[i])
  File &quot;./000179&quot;, line 25, in dfs
    dfs(x + dx[i], y + dy[i])
  File &quot;./000179&quot;, line 25, in dfs
    dfs(x + dx[i], y + dy[i])
  File &quot;./000179&quot;, line 25, in dfs
    dfs(x + dx[i], y + dy[i])
  File &quot;./000179&quot;, line 25, in dfs
    dfs(x + dx[i], y + dy[i])
  File &quot;./000179&quot;, line 25, in dfs
    dfs(x + dx[i], y + dy[i])
  File &quot;./000179&quot;, line 25, in dfs
    dfs(x + dx[i], y + dy[i])
  File &quot;./000179&quot;, line 25, in dfs
    dfs(x + dx[i], y + dy[i])
  File &quot;./000179&quot;, line 25, in dfs
    dfs(x + dx[i], y + dy[i])
  File &quot;./000179&quot;, line 25, in dfs
    dfs(x + dx[i], y + dy[i])
  File &quot;./000179&quot;, line 25, in dfs
    dfs(x + dx[i], y + dy[i])
  File &quot;./000179&quot;, line 25, in dfs
    dfs(x + dx[i], y + dy[i])
  File &quot;./000179&quot;, line 25, in dfs
    dfs(x + dx[i], y + dy[i])
  File &quot;./000179&quot;, line 25, in dfs
    dfs(x + dx[i], y + dy[i])
  File &quot;./000179&quot;, line 25, in dfs
    dfs(x + dx[i], y + dy[i])
  File &quot;./000179&quot;, line 25, in dfs
    dfs(x + dx[i], y + dy[i])
  File &quot;./000179&quot;, line 25, in dfs
    dfs(x + dx[i], y + dy[i])
  File &quot;./000179&quot;, line 25, in dfs
    dfs(x + dx[i], y + dy[i])
  File &quot;./000179&quot;, line 25, in dfs
    dfs(x + dx[i], y + dy[i])
  File &quot;./000179&quot;, line 25, in dfs
    dfs(x + dx[i], y + dy[i])
  File &quot;./000179&quot;, line 25, in dfs
    dfs(x + dx[i], y + dy[i])
  File &quot;./000179&quot;, line 25, in dfs
    dfs(x + dx[i], y + dy[i])
  File &quot;./000179&quot;, line 25, in dfs
    dfs(x + dx[i], y + dy[i])
  File &quot;./000179&quot;, line 25, in dfs
    dfs(x + dx[i], y + dy[i])
  File &quot;./000179&quot;, line 25, in dfs
    dfs(x + dx[i], y + dy[i])
  File &quot;./000179&quot;, line 25, in dfs
    dfs(x + dx[i], y + dy[i])
  File &quot;./000179&quot;, line 25, in dfs
    dfs(x + dx[i], y + dy[i])
  File &quot;./000179&quot;, line 25, in dfs
    dfs(x + dx[i], y + dy[i])
  File &quot;./000179&quot;, line 25, in dfs
    dfs(x + dx[i], y + dy[i])
  File &quot;./000179&quot;, line 25, in dfs
    dfs(x + dx[i], y + dy[i])
  File &quot;./000179&quot;, line 25, in dfs
    dfs(x + dx[i], y + dy[i])
  File &quot;./000179&quot;, line 25, in dfs
    dfs(x + dx[i], y + dy[i])
  File &quot;./000179&quot;, line 25, in dfs
    dfs(x + dx[i], y + dy[i])
  File &quot;./000179&quot;, line 25, in dfs
    dfs(x + dx[i], y + dy[i])
  File &quot;./000179&quot;, line 25, in dfs
    dfs(x + dx[i], y + dy[i])
  File &quot;./000179&quot;, line 25, in dfs
    dfs(x + dx[i], y + dy[i])
  File &quot;./000179&quot;, line 25, in dfs
    dfs(x + dx[i], y + dy[i])
  File &quot;./000179&quot;, line 25, in dfs
    dfs(x + dx[i], y + dy[i])
  File &quot;./000179&quot;, line 25, in dfs
    dfs(x + dx[i], y + dy[i])
  File &quot;./000179&quot;, line 25, in dfs
    dfs(x + dx[i], y + dy[i])
  File &quot;./000179&quot;, line 25, in dfs
    dfs(x + dx[i], y + dy[i])
  File &quot;./000179&quot;, line 25, in dfs
    dfs(x + dx[i], y + dy[i])
  File &quot;./000179&quot;, line 25, in dfs
    dfs(x + dx[i], y + dy[i])
  File &quot;./000179&quot;, line 25, in dfs
    dfs(x + dx[i], y + dy[i])
  File &quot;./000179&quot;, line 25, in dfs
    dfs(x + dx[i], y + dy[i])
  File &quot;./000179&quot;, line 25, in dfs
    dfs(x + dx[i], y + dy[i])
  File &quot;./000179&quot;, line 25, in dfs
    dfs(x + dx[i], y + dy[i])
  File &quot;./000179&quot;, line 25, in dfs
    dfs(x + dx[i], y + dy[i])
  File &quot;./000179&quot;, line 25, in dfs
    dfs(x + dx[i], y + dy[i])
  File &quot;./000179&quot;, line 25, in dfs
    dfs(x + dx[i], y + dy[i])
  File &quot;./000179&quot;, line 25, in dfs
    dfs(x + dx[i], y + dy[i])
  File &quot;./000179&quot;, line 25, in dfs
    dfs(x + dx[i], y + dy[i])
  File &quot;./000179&quot;, line 25, in dfs
    dfs(x + dx[i], y + dy[i])
  File &quot;./000179&quot;, line 25, in dfs
    dfs(x + dx[i], y + dy[i])
  File &quot;./000179&quot;, line 25, in dfs
    dfs(x + dx[i], y + dy[i])
  File &quot;./000179&quot;, line 25, in dfs
    dfs(x + dx[i], y + dy[i])
  File &quot;./000179&quot;, line 25, in dfs
    dfs(x + dx[i], y + dy[i])
  File &quot;./000179&quot;, line 25, in dfs
    dfs(x + dx[i], y + dy[i])
  File &quot;./000179&quot;, line 25, in dfs
    dfs(x + dx[i], y + dy[i])
  File &quot;./000179&quot;, line 25, in dfs
    dfs(x + dx[i], y + dy[i])
  File &quot;./000179&quot;, line 25, in dfs
    dfs(x + dx[i], y + dy[i])
  File &quot;./000179&quot;, line 25, in dfs
    dfs(x + dx[i], y + dy[i])
  File &quot;./000179&quot;, line 25, in dfs
    dfs(x + dx[i], y + dy[i])
  File &quot;./000179&quot;, line 25, in dfs
    dfs(x + dx[i], y + dy[i])
  File &quot;./000179&quot;, line 25, in dfs
    dfs(x + dx[i], y + dy[i])
  File &quot;./000179&quot;, line 25, in dfs
    dfs(x + dx[i], y + dy[i])
  File &quot;./000179&quot;, line 25, in dfs
    dfs(x + dx[i], y + dy[i])
  File &quot;./000179&quot;, line 25, in dfs
    dfs(x + dx[i], y + dy[i])
  File &quot;./000179&quot;, line 25, in dfs
    dfs(x + dx[i], y + dy[i])
  File &quot;./000179&quot;, line 25, in dfs
    dfs(x + dx[i], y + dy[i])
  File &quot;./000179&quot;, line 25, in dfs
    dfs(x + dx[i], y + dy[i])
  File &quot;./000179&quot;, line 25, in dfs
    dfs(x + dx[i], y + dy[i])
  File &quot;./000179&quot;, line 25, in dfs
    dfs(x + dx[i], y + dy[i])
  File &quot;./000179&quot;, line 25, in dfs
    dfs(x + dx[i], y + dy[i])
  File &quot;./000179&quot;, line 25, in dfs
    dfs(x + dx[i], y + dy[i])
  File &quot;./000179&quot;, line 25, in dfs
    dfs(x + dx[i], y + dy[i])
  File &quot;./000179&quot;, line 25, in dfs
    dfs(x + dx[i], y + dy[i])
  File &quot;./000179&quot;, line 25, in dfs
    dfs(x + dx[i], y + dy[i])
  File &quot;./000179&quot;, line 25, in dfs
    dfs(x + dx[i], y + dy[i])
  File &quot;./000179&quot;, line 25, in dfs
    dfs(x + dx[i], y + dy[i])
  File &quot;./000179&quot;, line 25, in dfs
    dfs(x + dx[i], y + dy[i])
  File &quot;./000179&quot;, line 25, in dfs
    dfs(x + dx[i], y + dy[i])
  File &quot;./000179&quot;, line 25, in dfs
    dfs(x + dx[i], y + dy[i])
  File &quot;./000179&quot;, line 25, in dfs
    dfs(x + dx[i], y + dy[i])
  File &quot;./000179&quot;, line 25, in dfs
    dfs(x + dx[i], y + dy[i])
  File &quot;./000179&quot;, line 25, in dfs
    dfs(x + dx[i], y + dy[i])
  File &quot;./000179&quot;, line 25, in dfs
    dfs(x + dx[i], y + dy[i])
  File &quot;./000179&quot;, line 25, in dfs
    dfs(x + dx[i], y + dy[i])
  File &quot;./000179&quot;, line 25, in dfs
    dfs(x + dx[i], y + dy[i])
  File &quot;./000179&quot;, line 25, in dfs
    dfs(x + dx[i], y + dy[i])
  File &quot;./000179&quot;, line 25, in dfs
    dfs(x + dx[i], y + dy[i])
  File &quot;./000179&quot;, line 25, in dfs
    dfs(x + dx[i], y + dy[i])
  File &quot;./000179&quot;, line 25, in dfs
    dfs(x + dx[i], y + dy[i])
  File &quot;./000179&quot;, line 25, in dfs
    dfs(x + dx[i], y + dy[i])
  File &quot;./000179&quot;, line 25, in dfs
    dfs(x + dx[i], y + dy[i])
  File &quot;./000179&quot;, line 25, in dfs
    dfs(x + dx[i], y + dy[i])
  File &quot;./000179&quot;, line 25, in dfs
    dfs(x + dx[i], y + dy[i])
  File &quot;./000179&quot;, line 25, in dfs
    dfs(x + dx[i], y + dy[i])
  File &quot;./000179&quot;, line 25, in dfs
    dfs(x + dx[i], y + dy[i])
  File &quot;./000179&quot;, line 25, in dfs
    dfs(x + dx[i], y + dy[i])
  File &quot;./000179&quot;, line 25, in dfs
    dfs(x + dx[i], y + dy[i])
  File &quot;./000179&quot;, line 25, in dfs
    dfs(x + dx[i], y + dy[i])
  File &quot;./000179&quot;, line 25, in dfs
    dfs(x + dx[i], y + dy[i])
  File &quot;./000179&quot;, line 25, in dfs
    dfs(x + dx[i], y + dy[i])
  File &quot;./000179&quot;, line 25, in dfs
    dfs(x + dx[i], y + dy[i])
  File &quot;./000179&quot;, line 25, in dfs
    dfs(x + dx[i], y + dy[i])
  File &quot;./000179&quot;, line 25, in dfs
    dfs(x + dx[i], y + dy[i])
  File &quot;./000179&quot;, line 25, in dfs
    dfs(x + dx[i], y + dy[i])
  File &quot;./000179&quot;, line 25, in dfs
    dfs(x + dx[i], y + dy[i])
  File &quot;./000179&quot;, line 25, in dfs
    dfs(x + dx[i], y + dy[i])
  File &quot;./000179&quot;, line 25, in dfs
    dfs(x + dx[i], y + dy[i])
  File &quot;./000179&quot;, line 25, in dfs
    dfs(x + dx[i], y + dy[i])
  File &quot;./000179&quot;, line 25, in dfs
    dfs(x + dx[i], y + dy[i])
  File &quot;./000179&quot;, line 25, in dfs
    dfs(x + dx[i], y + dy[i])
  File &quot;./000179&quot;, line 25, in dfs
    dfs(x + dx[i], y + dy[i])
  File &quot;./000179&quot;, line 25, in dfs
    dfs(x + dx[i], y + dy[i])
  File &quot;./000179&quot;, line 25, in dfs
    dfs(x + dx[i], y + dy[i])
  File &quot;./000179&quot;, line 25, in dfs
    dfs(x + dx[i], y + dy[i])
  File &quot;./000179&quot;, line 25, in dfs
    dfs(x + dx[i], y + dy[i])
  File &quot;./000179&quot;, line 25, in dfs
    dfs(x + dx[i], y + dy[i])
  File &quot;./000179&quot;, line 25, in dfs
    dfs(x + dx[i], y + dy[i])
  File &quot;./000179&quot;, line 25, in dfs
    dfs(x + dx[i], y + dy[i])
  File &quot;./000179&quot;, line 25, in dfs
    dfs(x + dx[i], y + dy[i])
  File &quot;./000179&quot;, line 25, in dfs
    dfs(x + dx[i], y + dy[i])
  File &quot;./000179&quot;, line 25, in dfs
    dfs(x + dx[i], y + dy[i])
  File &quot;./000179&quot;, line 25, in dfs
    dfs(x + dx[i], y + dy[i])
  File &quot;./000179&quot;, line 25, in dfs
    dfs(x + dx[i], y + dy[i])
  File &quot;./000179&quot;, line 25, in dfs
    dfs(x + dx[i], y + dy[i])
  File &quot;./000179&quot;, line 25, in dfs
    dfs(x + dx[i], y + dy[i])
  File &quot;./000179&quot;, line 25, in dfs
    dfs(x + dx[i], y + dy[i])
  File &quot;./000179&quot;, line 25, in dfs
    dfs(x + dx[i], y + dy[i])
  File &quot;./000179&quot;, line 25, in dfs
    dfs(x + dx[i], y + dy[i])
  File &quot;./000179&quot;, line 25, in dfs
    dfs(x + dx[i], y + dy[i])
  File &quot;./000179&quot;, line 25, in dfs
    dfs(x + dx[i], y + dy[i])
  File &quot;./000179&quot;, line 25, in dfs
    dfs(x + dx[i], y + dy[i])
  File &quot;./000179&quot;, line 25, in dfs
    dfs(x + dx[i], y + dy[i])
  File &quot;./000179&quot;, line 25, in dfs
    dfs(x + dx[i], y + dy[i])
  File &quot;./000179&quot;, line 25, in dfs
    dfs(x + dx[i], y + dy[i])
  File &quot;./000179&quot;, line 25, in dfs
    dfs(x + dx[i], y + dy[i])
  File &quot;./000179&quot;, line 25, in dfs
    dfs(x + dx[i], y + dy[i])
  File &quot;./000179&quot;, line 25, in dfs
    dfs(x + dx[i], y + dy[i])
  File &quot;./000179&quot;, line 25, in dfs
    dfs(x + dx[i], y + dy[i])
  File &quot;./000179&quot;, line 25, in dfs
    dfs(x + dx[i], y + dy[i])
  File &quot;./000179&quot;, line 25, in dfs
    dfs(x + dx[i], y + dy[i])
  File &quot;./000179&quot;, line 25, in dfs
    dfs(x + dx[i], y + dy[i])
  File &quot;./000179&quot;, line 25, in dfs
    dfs(x + dx[i], y + dy[i])
  File &quot;./000179&quot;, line 25, in dfs
    dfs(x + dx[i], y + dy[i])
  File &quot;./000179&quot;, line 25, in dfs
    dfs(x + dx[i], y + dy[i])
  File &quot;./000179&quot;, line 25, in dfs
    dfs(x + dx[i], y + dy[i])
  File &quot;./000179&quot;, line 25, in dfs
    dfs(x + dx[i], y + dy[i])
  File &quot;./000179&quot;, line 25, in dfs
    dfs(x + dx[i], y + dy[i])
  File &quot;./000179&quot;, line 25, in dfs
    dfs(x + dx[i], y + dy[i])
  File &quot;./000179&quot;, line 25, in dfs
    dfs(x + dx[i], y + dy[i])
  File &quot;./000179&quot;, line 25, in dfs
    dfs(x + dx[i], y + dy[i])
  File &quot;./000179&quot;, line 25, in dfs
    dfs(x + dx[i], y + dy[i])
  File &quot;./000179&quot;, line 25, in dfs
    dfs(x + dx[i], y + dy[i])
  File &quot;./000179&quot;, line 25, in dfs
    dfs(x + dx[i], y + dy[i])
  File &quot;./000179&quot;, line 25, in dfs
    dfs(x + dx[i], y + dy[i])
  File &quot;./000179&quot;, line 25, in dfs
    dfs(x + dx[i], y + dy[i])
  File &quot;./000179&quot;, line 25, in dfs
    dfs(x + dx[i], y + dy[i])
  File &quot;./000179&quot;, line 25, in dfs
    dfs(x + dx[i], y + dy[i])
  File &quot;./000179&quot;, line 25, in dfs
    dfs(x + dx[i], y + dy[i])
  File &quot;./000179&quot;, line 25, in dfs
    dfs(x + dx[i], y + dy[i])
  File &quot;./000179&quot;, line 25, in dfs
    dfs(x + dx[i], y + dy[i])
  File &quot;./000179&quot;, line 25, in dfs
    dfs(x + dx[i], y + dy[i])
  File &quot;./000179&quot;, line 25, in dfs
    dfs(x + dx[i], y + dy[i])
  File &quot;./000179&quot;, line 25, in dfs
    dfs(x + dx[i], y + dy[i])
  File &quot;./000179&quot;, line 25, in dfs
    dfs(x + dx[i], y + dy[i])
  File &quot;./000179&quot;, line 25, in dfs
    dfs(x + dx[i], y + dy[i])
  File &quot;./000179&quot;, line 25, in dfs
    dfs(x + dx[i], y + dy[i])
  File &quot;./000179&quot;, line 25, in dfs
    dfs(x + dx[i], y + dy[i])
  File &quot;./000179&quot;, line 25, in dfs
    dfs(x + dx[i], y + dy[i])
  File &quot;./000179&quot;, line 25, in dfs
    dfs(x + dx[i], y + dy[i])
  File &quot;./000179&quot;, line 25, in dfs
    dfs(x + dx[i], y + dy[i])
  File &quot;./000179&quot;, line 25, in dfs
    dfs(x + dx[i], y + dy[i])
  File &quot;./000179&quot;, line 25, in dfs
    dfs(x + dx[i], y + dy[i])
  File &quot;./000179&quot;, line 25, in dfs
    dfs(x + dx[i], y + dy[i])
  File &quot;./000179&quot;, line 25, in dfs
    dfs(x + dx[i], y + dy[i])
  File &quot;./000179&quot;, line 25, in dfs
    dfs(x + dx[i], y + dy[i])
  File &quot;./000179&quot;, line 25, in dfs
    dfs(x + dx[i], y + dy[i])
  File &quot;./000179&quot;, line 25, in dfs
    dfs(x + dx[i], y + dy[i])
  File &quot;./000179&quot;, line 25, in dfs
    dfs(x + dx[i], y + dy[i])
  File &quot;./000179&quot;, line 25, in dfs
    dfs(x + dx[i], y + dy[i])
  File &quot;./000179&quot;, line 25, in dfs
    dfs(x + dx[i], y + dy[i])
  File &quot;./000179&quot;, line 25, in dfs
    dfs(x + dx[i], y + dy[i])
  File &quot;./000179&quot;, line 25, in dfs
    dfs(x + dx[i], y + dy[i])
  File &quot;./000179&quot;, line 25, in dfs
    dfs(x + dx[i], y + dy[i])
  File &quot;./000179&quot;, line 25, in dfs
    dfs(x + dx[i], y + dy[i])
  File &quot;./000179&quot;, line 25, in dfs
    dfs(x + dx[i], y + dy[i])
  File &quot;./000179&quot;, line 25, in dfs
    dfs(x + dx[i], y + dy[i])
  File &quot;./000179&quot;, line 25, in dfs
    dfs(x + dx[i], y + dy[i])
  File &quot;./000179&quot;, line 25, in dfs
    dfs(x + dx[i], y + dy[i])
  File &quot;./000179&quot;, line 25, in dfs
    dfs(x + dx[i], y + dy[i])
  File &quot;./000179&quot;, line 25, in dfs
    dfs(x + dx[i], y + dy[i])
  File &quot;./000179&quot;, line 25, in dfs
    dfs(x + dx[i], y + dy[i])
  File &quot;./000179&quot;, line 25, in dfs
    dfs(x + dx[i], y + dy[i])
  File &quot;./000179&quot;, line 25, in dfs
    dfs(x + dx[i], y + dy[i])
  File &quot;./000179&quot;, line 25, in dfs
    dfs(x + dx[i], y + dy[i])
  File &quot;./000179&quot;, line 25, in dfs
    dfs(x + dx[i], y + dy[i])
  File &quot;./000179&quot;, line 25, in dfs
    dfs(x + dx[i], y + dy[i])
  File &quot;./000179&quot;, line 25, in dfs
    dfs(x + dx[i], y + dy[i])
  File &quot;./000179&quot;, line 25, in dfs
    dfs(x + dx[i], y + dy[i])
  File &quot;./000179&quot;, line 25, in dfs
    dfs(x + dx[i], y + dy[i])
  File &quot;./000179&quot;, line 25, in dfs
    dfs(x + dx[i], y + dy[i])
  File &quot;./000179&quot;, line 25, in dfs
    dfs(x + dx[i], y + dy[i])
  File &quot;./000179&quot;, line 25, in dfs
    dfs(x + dx[i], y + dy[i])
  File &quot;./000179&quot;, line 25, in dfs
    dfs(x + dx[i], y + dy[i])
  File &quot;./000179&quot;, line 25, in dfs
    dfs(x + dx[i], y + dy[i])
  File &quot;./000179&quot;, line 25, in dfs
    dfs(x + dx[i], y + dy[i])
  File &quot;./000179&quot;, line 25, in dfs
    dfs(x + dx[i], y + dy[i])
  File &quot;./000179&quot;, line 25, in dfs
    dfs(x + dx[i], y + dy[i])
  File &quot;./000179&quot;, line 25, in dfs
    dfs(x + dx[i], y + dy[i])
  File &quot;./000179&quot;, line 25, in dfs
    dfs(x + dx[i], y + dy[i])
  File &quot;./000179&quot;, line 25, in dfs
    dfs(x + dx[i], y + dy[i])
  File &quot;./000179&quot;, line 25, in dfs
    dfs(x + dx[i], y + dy[i])
  File &quot;./000179&quot;, line 25, in dfs
    dfs(x + dx[i], y + dy[i])
  File &quot;./000179&quot;, line 25, in dfs
    dfs(x + dx[i], y + dy[i])
  File &quot;./000179&quot;, line 25, in dfs
    dfs(x + dx[i], y + dy[i])
  File &quot;./000179&quot;, line 25, in dfs
    dfs(x + dx[i], y + dy[i])
  File &quot;./000179&quot;, line 25, in dfs
    dfs(x + dx[i], y + dy[i])
  File &quot;./000179&quot;, line 25, in dfs
    dfs(x + dx[i], y + dy[i])
  File &quot;./000179&quot;, line 25, in dfs
    dfs(x + dx[i], y + dy[i])
  File &quot;./000179&quot;, line 25, in dfs
    dfs(x + dx[i], y + dy[i])
  File &quot;./000179&quot;, line 25, in dfs
    dfs(x + dx[i], y + dy[i])
  File &quot;./000179&quot;, line 25, in dfs
    dfs(x + dx[i], y + dy[i])
  File &quot;./000179&quot;, line 25, in dfs
    dfs(x + dx[i], y + dy[i])
  File &quot;./000179&quot;, line 25, in dfs
    dfs(x + dx[i], y + dy[i])
  File &quot;./000179&quot;, line 25, in dfs
    dfs(x + dx[i], y + dy[i])
  File &quot;./000179&quot;, line 23, in dfs
    for i in range(4):
RuntimeError: maximum recursion depth exceeded in comparison
</stderr>
    </test>
  </tests>
</testing-report>
