Content-type: text/xml

<?xml version="1.0" encoding="utf-8"?>
<testing-report run-id="291" judge-id="16" status="WA" scoring="ACM" run-tests="1" contest-id="3103" real-time-available="yes" max-memory-used-available="yes" correct-available="yes" failed-test="1" time-limit-ms="2000" real-time-limit-ms="5000" marked-flag="no" >
  <uuid>20826a34-9455-4a66-92cb-db6fe2b78e89</uuid>
  <host>localhost.localdomain</host>
  <cpu-model>Intel(R) Pentium(R) CPU 3550M @ 2.30GHz</cpu-model>
  <cpu-mhz>2294.738</cpu-mhz>
  <compiler_output>000291.cpp: In function 'int main()':
000291.cpp:17:6: warning: unused variable 'x' [-Wunused-variable]
  int x, y;
      ^
000291.cpp:17:9: warning: unused variable 'y' [-Wunused-variable]
  int x, y;
         ^
</compiler_output>
  <tests>
    <test num="1" status="WA" time="2" real-time="3" max-memory-used="311296"  checker-comment="Answers do not match: output: 0, correct: 1" >
  <program-stats-str>{ utime=0, stime=2, ptime=2, rtime=3, maxvsz=311296, maxrss=2752512, nvcsw=1, nivcsw=1 }</program-stats-str>
  <checker-stats-str>{ utime=0, stime=0, ptime=0, rtime=1, maxvsz=307200, maxrss=2732032, nvcsw=1, nivcsw=1 }</checker-stats-str>
      <input size="18">3
***
*.*
***
2 2
</input>
      <output size="1">0</output>
      <correct size="2">1
</correct>
      <stderr size="0"></stderr>
      <checker size="44">Answers do not match: output: 0, correct: 1
</checker>
    </test>
  </tests>
</testing-report>
