Content-type: text/xml

<?xml version="1.0" encoding="utf-8"?>
<testing-report run-id="116" judge-id="95" status="WA" scoring="ACM" run-tests="2" contest-id="3101" real-time-available="yes" max-memory-used-available="yes" correct-available="yes" failed-test="2" time-limit-ms="2000" real-time-limit-ms="5000" marked-flag="no" >
  <uuid>f299fc7a-1712-4ee2-8221-39f1a3418715</uuid>
  <host>localhost.localdomain</host>
  <cpu-model>Intel(R) Pentium(R) CPU 3550M @ 2.30GHz</cpu-model>
  <cpu-mhz>2294.738</cpu-mhz>
  <compiler_output></compiler_output>
  <tests>
    <test num="1" status="OK" time="1" real-time="2" max-memory-used="307200"  checker-comment="OK" >
  <program-stats-str>{ utime=1, stime=0, ptime=1, rtime=2, maxvsz=307200, maxrss=3006464, nvcsw=1, nivcsw=2 }</program-stats-str>
  <checker-stats-str>{ utime=0, stime=0, ptime=0, rtime=1, maxvsz=307200, maxrss=2387968, nvcsw=1, nivcsw=1 }</checker-stats-str>
      <input size="4">0.5
</input>
      <output size="8">0.523599</output>
      <correct size="15">0.523598775598
</correct>
      <stderr size="0"></stderr>
      <checker size="3">OK
</checker>
    </test>
    <test num="2" status="WA" time="1" real-time="2" max-memory-used="307200"  checker-comment="Answers do not match: output: -1, correct: -1.570796327" >
  <program-stats-str>{ utime=0, stime=1, ptime=1, rtime=2, maxvsz=307200, maxrss=2928640, nvcsw=1, nivcsw=1 }</program-stats-str>
  <checker-stats-str>{ utime=0, stime=0, ptime=0, rtime=2, maxvsz=307200, maxrss=2387968, nvcsw=1, nivcsw=1 }</checker-stats-str>
      <input size="3">-1
</input>
      <output size="2">-1</output>
      <correct size="15">-1.57079632679
</correct>
      <stderr size="0"></stderr>
      <checker size="56">Answers do not match: output: -1, correct: -1.570796327
</checker>
    </test>
  </tests>
</testing-report>
