Content-type: text/xml

<?xml version="1.0" encoding="utf-8"?>
<testing-report run-id="287" judge-id="192" status="WA" scoring="ACM" run-tests="1" contest-id="3206" real-time-available="yes" max-memory-used-available="yes" correct-available="yes" failed-test="1" time-limit-ms="2000" real-time-limit-ms="5000" marked-flag="no" >
  <uuid>b29ab4da-fd75-4d6d-93d4-c7d89d9d33a3</uuid>
  <host>localhost.localdomain</host>
  <cpu-model>Intel(R) Pentium(R) CPU 3550M @ 2.30GHz</cpu-model>
  <cpu-mhz>2294.738</cpu-mhz>
  <compiler_output></compiler_output>
  <tests>
    <test num="1" status="WA" time="27" real-time="30" max-memory-used="307200"  checker-comment="Line 1 differs: output: ??built-in method upper of str object at 0xaf7b9100?? correct: ?B?" >
  <program-stats-str>{ utime=24, stime=3, ptime=27, rtime=30, maxvsz=307200, maxrss=6291456, nvcsw=1, nivcsw=9 }</program-stats-str>
  <checker-stats-str>{ utime=0, stime=0, ptime=0, rtime=1, maxvsz=307200, maxrss=2658304, nvcsw=1, nivcsw=1 }</checker-stats-str>
      <input size="2">b
</input>
      <output size="52">&lt;built-in method upper of str object at 0xaf7b9100&gt;
</output>
      <correct size="2">B
</correct>
      <stderr size="0"></stderr>
      <checker size="91">Line 1 differs: output:
&gt;&lt;built-in method upper of str object at 0xaf7b9100&gt;&lt;
correct:
&gt;B&lt;
</checker>
    </test>
  </tests>
</testing-report>
