Content-type: text/xml

<?xml version="1.0" encoding="utf-8"?>
<testing-report run-id="202" judge-id="107" status="WA" scoring="ACM" run-tests="2" contest-id="3206" real-time-available="yes" max-memory-used-available="yes" correct-available="yes" failed-test="2" time-limit-ms="2000" real-time-limit-ms="5000" marked-flag="no" >
  <uuid>418e9522-f22f-4a43-a04a-157a0f5ab105</uuid>
  <host>localhost.localdomain</host>
  <cpu-model>Intel(R) Pentium(R) CPU 3550M @ 2.30GHz</cpu-model>
  <cpu-mhz>2294.738</cpu-mhz>
  <compiler_output></compiler_output>
  <tests>
    <test num="1" status="OK" time="27" real-time="28" max-memory-used="307200"  checker-comment="OK" >
  <program-stats-str>{ utime=27, stime=0, ptime=27, rtime=28, maxvsz=307200, maxrss=6189056, nvcsw=1, nivcsw=4 }</program-stats-str>
  <checker-stats-str>{ utime=0, stime=0, ptime=0, rtime=2, maxvsz=307200, maxrss=2658304, nvcsw=1, nivcsw=1 }</checker-stats-str>
      <input size="8">comfort
</input>
      <output size="2">3
</output>
      <correct size="2">3
</correct>
      <stderr size="0"></stderr>
      <checker size="3">OK
</checker>
    </test>
    <test num="2" status="WA" time="29" real-time="32" max-memory-used="307200"  checker-comment="Different number of lines: output: 2, correct: 1" >
  <program-stats-str>{ utime=19, stime=10, ptime=29, rtime=32, maxvsz=307200, maxrss=6053888, nvcsw=1, nivcsw=6 }</program-stats-str>
  <checker-stats-str>{ utime=0, stime=0, ptime=0, rtime=2, maxvsz=307200, maxrss=2658304, nvcsw=1, nivcsw=1 }</checker-stats-str>
      <input size="7">office
</input>
      <output size="4">1
2
</output>
      <correct size="4">1 2
</correct>
      <stderr size="0"></stderr>
      <checker size="49">Different number of lines: output: 2, correct: 1
</checker>
    </test>
  </tests>
</testing-report>
