Content-type: text/xml

<?xml version="1.0" encoding="utf-8"?>
<testing-report run-id="63" judge-id="63" status="RT" scoring="ACM" run-tests="1" contest-id="3208" real-time-available="yes" max-memory-used-available="yes" correct-available="yes" failed-test="1" time-limit-ms="2000" real-time-limit-ms="5000" marked-flag="no" >
  <uuid>9e0e971c-a10b-43ba-b142-3a69306ffdb0</uuid>
  <host>localhost.localdomain</host>
  <cpu-model>Intel(R) Pentium(R) CPU 3550M @ 2.30GHz</cpu-model>
  <cpu-mhz>2294.738</cpu-mhz>
  <compiler_output></compiler_output>
  <tests>
    <test num="1" status="RT" exit-code="1" time="16" real-time="19" max-memory-used="307200" >
  <program-stats-str>{ utime=15, stime=1, ptime=16, rtime=19, maxvsz=307200, maxrss=5378048, nvcsw=1, nivcsw=4 }</program-stats-str>
      <input size="1">
</input>
      <output size="0"></output>
      <stderr size="176">Traceback (most recent call last):
  File &quot;./000063&quot;, line 4, in &lt;module&gt;
    int(input()*100)^2
  File &quot;&lt;string&gt;&quot;, line 0
    
    ^
SyntaxError: unexpected EOF while parsing
</stderr>
    </test>
  </tests>
</testing-report>
