Content-type: text/xml

<?xml version="1.0" encoding="utf-8"?>
<testing-report run-id="272" judge-id="272" status="SE" scoring="ACM" run-tests="1" contest-id="3208" real-time-available="yes" max-memory-used-available="yes" correct-available="yes" failed-test="1" time-limit-ms="2000" real-time-limit-ms="5000" marked-flag="no" >
  <uuid>746fab8e-9f66-411f-8ef4-455075d83bda</uuid>
  <host>localhost.localdomain</host>
  <cpu-model>Intel(R) Pentium(R) CPU 3550M @ 2.30GHz</cpu-model>
  <cpu-mhz>2294.738</cpu-mhz>
  <compiler_output></compiler_output>
  <tests>
    <test num="1" status="SE" time="285" real-time="332" max-memory-used="32264192" >
  <program-stats-str>{ utime=250, stime=35, ptime=285, rtime=332, maxvsz=32264192, maxrss=19111936, nvcsw=2, nivcsw=47 }</program-stats-str>
      <input size="10">1 2 3 4 5
</input>
      <output size="0"></output>
      <stderr size="264">Can't open '/usr/share/abrt/conf.d/plugins/python3.conf': Operation not permitted
Can't open '/etc/abrt/plugins/python3.conf': Operation not permitted
  File &quot;./000272&quot;, line 5
    print('a[::-1])
                  ^
SyntaxError: EOL while scanning string literal
</stderr>
    </test>
  </tests>
</testing-report>
