Content-type: text/xml

<?xml version="1.0" encoding="utf-8"?>
<testing-report run-id="57" judge-id="45" status="SE" scoring="ACM" run-tests="1" contest-id="3204" real-time-available="yes" max-memory-used-available="yes" correct-available="yes" failed-test="1" time-limit-ms="2000" real-time-limit-ms="5000" marked-flag="no" >
  <uuid>000fa975-b9b9-492c-9ed2-434acae044f0</uuid>
  <host>localhost.localdomain</host>
  <cpu-model>Intel(R) Pentium(R) CPU 3550M @ 2.30GHz</cpu-model>
  <cpu-mhz>2294.738</cpu-mhz>
  <compiler_output></compiler_output>
  <tests>
    <test num="1" status="SE" time="284" real-time="305" max-memory-used="18698240" >
  <program-stats-str>{ utime=263, stime=21, ptime=284, rtime=305, maxvsz=18698240, maxrss=19259392, nvcsw=1, nivcsw=43 }</program-stats-str>
      <input size="10">3 4 5 2 1
</input>
      <output size="0"></output>
      <stderr size="227">Can't open '/usr/share/abrt/conf.d/plugins/python3.conf': Operation not permitted
Can't open '/etc/abrt/plugins/python3.conf': Operation not permitted
  File &quot;./000057&quot;, line 11
    ma:=a[i]
      ^
SyntaxError: invalid syntax
</stderr>
    </test>
  </tests>
</testing-report>
