Content-type: text/xml

<?xml version="1.0" encoding="utf-8"?>
<testing-report run-id="86" judge-id="87" status="SE" scoring="ACM" run-tests="1" contest-id="3200" real-time-available="yes" max-memory-used-available="yes" correct-available="yes" failed-test="1" time-limit-ms="2000" real-time-limit-ms="5000" marked-flag="no" >
  <uuid>5e651bf6-4b48-4045-b68f-4f3d29605e1e</uuid>
  <host>localhost.localdomain</host>
  <cpu-model>Intel(R) Pentium(R) CPU 3550M @ 2.30GHz</cpu-model>
  <cpu-mhz>2294.738</cpu-mhz>
  <compiler_output></compiler_output>
  <tests>
    <test num="1" status="SE" time="284" real-time="299" max-memory-used="18698240" >
  <program-stats-str>{ utime=258, stime=26, ptime=284, rtime=299, maxvsz=18698240, maxrss=19324928, nvcsw=1, nivcsw=38 }</program-stats-str>
      <input size="4">2
8
</input>
      <output size="0"></output>
      <stderr size="290">Can't open '/usr/share/abrt/conf.d/plugins/python3.conf': Operation not permitted
Can't open '/etc/abrt/plugins/python3.conf': Operation not permitted
Traceback (most recent call last):
  File &quot;./000086&quot;, line 7, in &lt;module&gt;
    a=a//a
ZeroDivisionError: integer division or modulo by zero
</stderr>
    </test>
  </tests>
</testing-report>
