Content-type: text/xml

<?xml version="1.0" encoding="utf-8"?>
<testing-report run-id="235" judge-id="236" status="RT" scoring="ACM" run-tests="1" contest-id="3200" real-time-available="yes" max-memory-used-available="yes" correct-available="yes" failed-test="1" time-limit-ms="2000" real-time-limit-ms="5000" marked-flag="no" >
  <uuid>40390d91-24cb-49f4-bb8f-f7dff8c87c8c</uuid>
  <host>localhost.localdomain</host>
  <cpu-model>Intel(R) Pentium(R) CPU 3550M @ 2.30GHz</cpu-model>
  <cpu-mhz>2294.738</cpu-mhz>
  <compiler_output></compiler_output>
  <tests>
    <test num="1" status="RT" exit-code="1" time="13" real-time="15" max-memory-used="307200" >
  <program-stats-str>{ utime=10, stime=3, ptime=13, rtime=15, maxvsz=307200, maxrss=5332992, nvcsw=1, nivcsw=3 }</program-stats-str>
      <input size="4">179
</input>
      <output size="59">('The next number for the number ', 179, ' is ', 180, '.')
</output>
      <stderr size="127">Traceback (most recent call last):
  File &quot;./000235&quot;, line 7, in &lt;module&gt;
    n=int(input())
EOFError: EOF when reading a line
</stderr>
    </test>
  </tests>
</testing-report>
