Content-type: text/xml

<?xml version="1.0" encoding="utf-8"?>
<testing-report run-id="354" judge-id="24" status="RT" scoring="ACM" run-tests="1" contest-id="3200" real-time-available="yes" max-memory-used-available="yes" correct-available="yes" failed-test="1" time-limit-ms="2000" real-time-limit-ms="5000" marked-flag="no" >
  <uuid>decad419-a0ba-4f3e-b952-d6abc8c3a607</uuid>
  <host>localhost.localdomain</host>
  <cpu-model>Intel(R) Pentium(R) CPU 3550M @ 2.30GHz</cpu-model>
  <cpu-mhz>2294.738</cpu-mhz>
  <compiler_output></compiler_output>
  <tests>
    <test num="1" status="RT" exit-code="1" time="190" real-time="206" max-memory-used="64196608" >
  <program-stats-str>{ utime=174, stime=16, ptime=190, rtime=206, maxvsz=64196608, maxrss=45096960, nvcsw=1, nivcsw=37 }</program-stats-str>
      <input size="6">3
14

</input>
      <output size="0"></output>
      <stderr size="161">Warning: cannot find your CPU L2 cache size in /proc/cpuinfo
  File &quot;./000354&quot;, line 5
    n, k: integer;
                 ^
IndentationError: unexpected indent
</stderr>
    </test>
  </tests>
</testing-report>
