Content-type: text/xml

<?xml version="1.0" encoding="utf-8"?>
<testing-report run-id="363" judge-id="33" status="RT" scoring="ACM" run-tests="1" contest-id="3200" real-time-available="yes" max-memory-used-available="yes" correct-available="yes" failed-test="1" time-limit-ms="2000" real-time-limit-ms="5000" marked-flag="no" >
  <uuid>103a3784-6e25-4482-bca1-d164d7ae1b4b</uuid>
  <host>localhost.localdomain</host>
  <cpu-model>Intel(R) Pentium(R) CPU 3550M @ 2.30GHz</cpu-model>
  <cpu-mhz>2294.738</cpu-mhz>
  <compiler_output></compiler_output>
  <tests>
    <test num="1" status="RT" exit-code="1" time="184" real-time="195" max-memory-used="64196608" >
  <program-stats-str>{ utime=150, stime=34, ptime=184, rtime=195, maxvsz=64196608, maxrss=45322240, nvcsw=1, nivcsw=37 }</program-stats-str>
      <input size="6">3
14

</input>
      <output size="0"></output>
      <stderr size="169">Warning: cannot find your CPU L2 cache size in /proc/cpuinfo
  File &quot;./000363&quot;, line 4
    \\\\\\\\\\\\\\\\\\\\\\\\\\\\\\\\\\\\\\\\
    ^
SyntaxError: Unknown character
</stderr>
    </test>
  </tests>
</testing-report>
