Content-type: text/xml

<?xml version="1.0" encoding="utf-8"?>
<testing-report run-id="128" judge-id="100" status="WA" scoring="ACM" run-tests="2" contest-id="3100" real-time-available="yes" max-memory-used-available="yes" correct-available="yes" failed-test="2" time-limit-ms="2000" real-time-limit-ms="5000" marked-flag="no" >
  <uuid>d0fbdbce-df23-4e3a-aa89-c8a9be31b259</uuid>
  <host>localhost.localdomain</host>
  <cpu-model>Intel(R) Pentium(R) CPU 3550M @ 2.30GHz</cpu-model>
  <cpu-mhz>2294.738</cpu-mhz>
  <compiler_output>Done processing 000128.cpp
000128.cpp: In function 'int nod(int, int)':
000128.cpp:8:14: warning: suggest parentheses around comparison in operand of '&amp;' [-Wparentheses]
     while (a != 0 &amp; b != 0)
              ^
000128.cpp: In function 'int main()':
000128.cpp:29:23: warning: comparison between signed and unsigned integer expressions [-Wsign-compare]
     for (int i = 0; i &lt; vec.size(); i++)
                       ^
000128.cpp:33:16: warning: 'ans' may be used uninitialized in this function [-Wmaybe-uninitialized]
     cout &lt;&lt; ans;
                ^

</compiler_output>
  <tests>
    <test num="1" status="OK" time="1" real-time="3" max-memory-used="307200"  checker-comment="OK" >
  <program-stats-str>{ utime=0, stime=1, ptime=1, rtime=3, maxvsz=307200, maxrss=2838528, nvcsw=1, nivcsw=1 }</program-stats-str>
  <checker-stats-str>{ utime=0, stime=0, ptime=0, rtime=2, maxvsz=307200, maxrss=2387968, nvcsw=1, nivcsw=1 }</checker-stats-str>
      <input size="4">1
9
</input>
      <output size="1">9</output>
      <correct size="2">9
</correct>
      <stderr size="0"></stderr>
      <checker size="3">OK
</checker>
    </test>
    <test num="2" status="WA" time="1" real-time="2" max-memory-used="307200"  checker-comment="Answers do not match: output: 35, correct: 5" >
  <program-stats-str>{ utime=0, stime=1, ptime=1, rtime=2, maxvsz=307200, maxrss=2912256, nvcsw=1, nivcsw=1 }</program-stats-str>
  <checker-stats-str>{ utime=0, stime=0, ptime=0, rtime=1, maxvsz=307200, maxrss=2387968, nvcsw=1, nivcsw=1 }</checker-stats-str>
      <input size="8">2
90 35
</input>
      <output size="2">35</output>
      <correct size="2">5
</correct>
      <stderr size="0"></stderr>
      <checker size="45">Answers do not match: output: 35, correct: 5
</checker>
    </test>
  </tests>
</testing-report>
