Content-type: text/xml

<?xml version="1.0" encoding="utf-8"?>
<testing-report run-id="356" judge-id="13" status="PE" scoring="ACM" run-tests="1" contest-id="3100" real-time-available="yes" max-memory-used-available="yes" correct-available="yes" failed-test="1" time-limit-ms="2000" real-time-limit-ms="5000" marked-flag="no" >
  <uuid>83672ff2-747a-4959-b788-0c1ac31b437d</uuid>
  <host>localhost.localdomain</host>
  <cpu-model>Intel(R) Pentium(R) CPU 3550M @ 2.30GHz</cpu-model>
  <cpu-mhz>2294.738</cpu-mhz>
  <compiler_output>000356.cpp: In function 'int IsSimple(long int)':
000356.cpp:6:11: warning: unused variable 'i' [-Wunused-variable]
     long  i;
           ^
000356.cpp: In function 'int main()':
000356.cpp:19:17: warning: unused variable 'k' [-Wunused-variable]
     long  n, i, k;
                 ^
</compiler_output>
  <tests>
    <test num="1" status="PE" time="1" real-time="22" max-memory-used="307200"  checker-comment="wrong output format Unexpected end of file - int32 expected" >
  <program-stats-str>{ utime=1, stime=0, ptime=1, rtime=22, maxvsz=307200, maxrss=2809856, nvcsw=1, nivcsw=2 }</program-stats-str>
  <checker-stats-str>{ utime=0, stime=1, ptime=1, rtime=2, maxvsz=17260544, maxrss=3141632, nvcsw=1, nivcsw=1 }</checker-stats-str>
      <input size="2">4
</input>
      <output size="0"></output>
      <correct size="4">2 2
</correct>
      <stderr size="0"></stderr>
      <checker size="60">wrong output format Unexpected end of file - int32 expected
</checker>
    </test>
  </tests>
</testing-report>
