Content-type: text/xml

<?xml version="1.0" encoding="utf-8"?>
<testing-report run-id="407" judge-id="39" status="SE" scoring="ACM" run-tests="1" contest-id="3100" real-time-available="yes" max-memory-used-available="yes" correct-available="yes" failed-test="1" time-limit-ms="2000" real-time-limit-ms="5000" marked-flag="no" >
  <uuid>9ea5faa7-d5ec-4fac-a066-04402ae4950c</uuid>
  <host>localhost.localdomain</host>
  <cpu-model>Intel(R) Pentium(R) CPU 3550M @ 2.30GHz</cpu-model>
  <cpu-mhz>2294.738</cpu-mhz>
  <compiler_output></compiler_output>
  <tests>
    <test num="1" status="SE" time="287" real-time="314" max-memory-used="32264192" >
  <program-stats-str>{ utime=265, stime=22, ptime=287, rtime=314, maxvsz=32264192, maxrss=19472384, nvcsw=1, nivcsw=45 }</program-stats-str>
      <input size="4">1
9
</input>
      <output size="0"></output>
      <stderr size="288">Can't open '/usr/share/abrt/conf.d/plugins/python3.conf': Operation not permitted
Can't open '/etc/abrt/plugins/python3.conf': Operation not permitted
Traceback (most recent call last):
  File &quot;./000407&quot;, line 16, in &lt;module&gt;
    print(a[-1])
TypeError: 'int' object is not subscriptable
</stderr>
    </test>
  </tests>
</testing-report>
